Archive member included to satisfy reference by file (symbol)

/opt/devkitpro/libnds/lib/libnds9.a(keys.o)
                              units.o (scanKeys)
/opt/devkitpro/libnds/lib/libnds9.a(sprite_alloc.o)
                              house.o (oamAllocateGfx)
/opt/devkitpro/libnds/lib/libnds9.a(sprite.o)
                              template.o (oamInit)
/opt/devkitpro/libnds/lib/libnds9.a(trig.o)
                              /opt/devkitpro/libnds/lib/libnds9.a(sprite.o) (sinLerp)
/opt/devkitpro/calico/lib/libcalico_ds9.a(thread_cold.o)
                              template.o (threadIrqWait)
/opt/devkitpro/calico/lib/libcalico_ds9.a(thread_hot.32.o)
                              /opt/devkitpro/calico/lib/libcalico_ds9.a(thread_cold.o) (__sched_state)
/opt/devkitpro/calico/lib/libcalico_ds9.a(arm-copy-fill.32.o)
                              /opt/devkitpro/calico/lib/libcalico_ds9.a(thread_cold.o) (armCopyMem32)
/opt/devkitpro/calico/lib/libcalico_ds9.a(arm-context.32.o)
                              /opt/devkitpro/calico/lib/libcalico_ds9.a(thread_cold.o) (armContextSave)
/opt/devkitpro/calico/lib/libcalico_ds9.a(arm-shims.32.o)
                              /opt/devkitpro/calico/lib/libcalico_ds9.a(thread_cold.o) (armWaitForIrq)
/opt/devkitpro/calico/lib/libcalico_ds9.a(arm-cache.32.o)
                              /opt/devkitpro/libnds/lib/libnds9.a(sprite.o) (armDCacheFlush)
/opt/devkitpro/calico/lib/libcalico_ds9.a(keypad.o)
                              /opt/devkitpro/libnds/lib/libnds9.a(keys.o) (keypadGetState)
/opt/devkitpro/calico/lib/libcalico_ds9.a(bootstub_arm9.o)
                              (__ds9_bootstub)
/opt/devkitpro/calico/lib/libcalico_ds9.a(excpt_handler.32.o)
                              /opt/devkitpro/calico/lib/libcalico_ds9.a(bootstub_arm9.o) (__arm_excpt_rst)
/opt/devkitpro/calico/lib/libcalico_ds9.a(touch.o)
                              template.o (touchRead)
/opt/devkitpro/calico/lib/libcalico_ds9.a(tick.o)
                              /opt/devkitpro/calico/lib/libcalico_ds9.a(thread_cold.o) (tickTaskStart)
/opt/devkitpro/calico/lib/libcalico_ds9.a(newlib_syscalls.o)
                              /opt/devkitpro/calico/lib/libcalico_ds9.a(bootstub_arm9.o) (__newlib_syscalls)
/opt/devkitpro/calico/lib/libcalico_ds9.a(startup.crt0.o)
                              /opt/devkitpro/calico/lib/libcalico_ds9.a(bootstub_arm9.o) (crt0Startup)
/opt/devkitpro/calico/lib/libcalico_ds9.a(utils.crt0.o)
                              /opt/devkitpro/calico/lib/libcalico_ds9.a(startup.crt0.o) (crt0CopyMem32)
/opt/devkitpro/calico/lib/libcalico_ds9.a(irq_handler.32.o)
                              /opt/devkitpro/calico/lib/libcalico_ds9.a(bootstub_arm9.o) (__arm_excpt_irq)
/opt/devkitpro/calico/lib/libcalico_ds9.a(pxi.o)
                              /opt/devkitpro/calico/lib/libcalico_ds9.a(startup.crt0.o) (_pxiInit)
/opt/devkitpro/calico/lib/libcalico_ds9.a(mpu_setup.crt0.o)
                              /opt/devkitpro/calico/lib/libcalico_ds9.a(startup.crt0.o) (crt0SetupMPU)
/opt/devkitpro/calico/lib/libcalico_ds9.a(sys_startup.o)
                              /opt/devkitpro/calico/lib/libcalico_ds9.a(startup.crt0.o) (systemStartup)
/opt/devkitpro/calico/lib/libcalico_ds9.a(irq.o)
                              /opt/devkitpro/calico/lib/libcalico_ds9.a(tick.o) (irqSet)
/opt/devkitpro/calico/lib/libcalico_ds9.a(mutex.o)
                              /opt/devkitpro/calico/lib/libcalico_ds9.a(newlib_syscalls.o) (mutexLock)
/opt/devkitpro/calico/lib/libcalico_ds9.a(mailbox.o)
                              /opt/devkitpro/calico/lib/libcalico_ds9.a(pxi.o) (mailboxTrySend)
/opt/devkitpro/calico/lib/libcalico_ds9.a(pm.o)
                              /opt/devkitpro/calico/lib/libcalico_ds9.a(sys_startup.o) (pmInit)
/opt/devkitpro/devkitARM/bin/../lib/gcc/arm-none-eabi/15.1.0/thumb/libgcc.a(_aeabi_uldivmod.o)
                              /opt/devkitpro/calico/lib/libcalico_ds9.a(newlib_syscalls.o) (__aeabi_uldivmod)
/opt/devkitpro/devkitARM/bin/../lib/gcc/arm-none-eabi/15.1.0/thumb/libgcc.a(_sync_none.o)
                              (__sync_synchronize_none)
/opt/devkitpro/devkitARM/bin/../lib/gcc/arm-none-eabi/15.1.0/thumb/libgcc.a(_udivmoddi4.o)
                              /opt/devkitpro/devkitARM/bin/../lib/gcc/arm-none-eabi/15.1.0/thumb/libgcc.a(_aeabi_uldivmod.o) (__udivmoddi4)
/opt/devkitpro/devkitARM/bin/../lib/gcc/arm-none-eabi/15.1.0/thumb/libgcc.a(_dvmd_tls.o)
                              /opt/devkitpro/devkitARM/bin/../lib/gcc/arm-none-eabi/15.1.0/thumb/libgcc.a(_aeabi_uldivmod.o) (__aeabi_ldiv0)
/opt/devkitpro/devkitARM/bin/../lib/gcc/arm-none-eabi/15.1.0/thumb/libgcc.a(_clzdi2.o)
                              /opt/devkitpro/devkitARM/bin/../lib/gcc/arm-none-eabi/15.1.0/thumb/libgcc.a(_udivmoddi4.o) (__clzdi2)
/opt/devkitpro/devkitARM/bin/../lib/gcc/arm-none-eabi/15.1.0/thumb/libgcc.a(_clzsi2.o)
[...]
Memory Configuration

Name             Origin             Length             Attributes
lma9             0x02004000         0x0027c000
lma9i            0x02400000         0x00280000
vectors          0x00000000         0x00000020
itcm             0x01ff8020         0x00007fe0
main             0x02001000         0x00f7f000
dtcm             0x02ff0000         0x00003e80
dldi             0x0380b000         0x00004000
stub             0x0e000000         0x00004000
tls              0x00000000         0x00000400
*default*        0x00000000         0xffffffff

Linker script and memory map

                0x00000000                        __sync_synchronize = __sync_synchronize_none
LOAD /opt/devkitpro/devkitARM/bin/../lib/gcc/arm-none-eabi/15.1.0/thumb/crti.o
LOAD /opt/devkitpro/devkitARM/bin/../lib/gcc/arm-none-eabi/15.1.0/thumb/crtbegin.o
LOAD spritesheet.o
LOAD house.o
LOAD menu.o
LOAD template.o
LOAD units.o
LOAD /opt/devkitpro/libnds/lib/libnds9.a
LOAD /opt/devkitpro/calico/lib/libcalico_ds9.a
START GROUP
LOAD /opt/devkitpro/devkitARM/bin/../lib/gcc/arm-none-eabi/15.1.0/thumb/libgcc.a
LOAD /opt/devkitpro/devkitARM/bin/../lib/gcc/arm-none-eabi/15.1.0/../../../../arm-none-eabi/lib/thumb/libg.a
LOAD /opt/devkitpro/devkitARM/bin/../lib/gcc/arm-none-eabi/15.1.0/../../../../arm-none-eabi/lib/thumb/libc.a
LOAD /opt/devkitpro/devkitARM/bin/../lib/gcc/arm-none-eabi/15.1.0/../../../../arm-none-eabi/lib/thumb/libsysbase.a
END GROUP
LOAD /opt/devkitpro/devkitARM/bin/../lib/gcc/arm-none-eabi/15.1.0/thumb/crtend.o
LOAD /opt/devkitpro/devkitARM/bin/../lib/gcc/arm-none-eabi/15.1.0/thumb/crtn.o
                0x02ff3e80                        PROVIDE (__sp_usr = (ORIGIN (dtcm) + LENGTH (dtcm)))
                0x02ff3f80                        PROVIDE (__sp_irq = (__sp_usr + 0x100))
                0x02ff3fc0                        PROVIDE (__sp_svc = (__sp_irq + 0x40))
                0x02ff3ff8                        PROVIDE (__irq_flags = (__sp_svc + 0x38))
                [!provide]                        PROVIDE (__irq_vector = (__sp_svc + 0x3c))
                [!provide]                        PROVIDE (__arm_excpt_rst = 0xffff0000)
                [!provide]                        PROVIDE (__arm_excpt_und = 0xffff0004)
                0xffff0008                        PROVIDE (__arm_excpt_svc = 0xffff0008)
                [!provide]                        PROVIDE (__arm_excpt_pabt = 0xffff000c)
                [!provide]                        PROVIDE (__arm_excpt_dabt = 0xffff0010)
                [!provide]                        PROVIDE (__arm_excpt_irq = 0xffff0018)
                [!provide]                        PROVIDE (__arm_excpt_fiq = 0xffff001c)
                0x00000000                        PROVIDE (__end__ = 0x0)

.secure         0x0e000000      0x800 load address 0x02004000
                0x0e0007fc                        . = (. + 0x7fc)
 *fill*         0x0e000000      0x7fc 00000000
                0x0e0007fc        0x4 LONG 0x0

.bootstub       0x0e000800      0x198 load address 0x02004800
 *(.bootstub .bootstub.*)
 .bootstub.__ds9_bootstub
                0x0e000800      0x198 /opt/devkitpro/calico/lib/libcalico_ds9.a(bootstub_arm9.o)
                0x0e000800                __ds9_bootstub
                0x0e000998                        . = ALIGN (0x4)

.crt0           0x02001000      0x3c0 load address 0x02004998
 *(.crt0 .crt0.*)
 .crt0.__ds9_bootstub_trampoline
                0x02001000       0x60 /opt/devkitpro/calico/lib/libcalico_ds9.a(bootstub_arm9.o)
 *.crt0.*(.text .stub .text.* .gnu.linkonce.t.*)
 .text.crt0ProcessLoadList
                0x02001060       0x74 /opt/devkitpro/calico/lib/libcalico_ds9.a(startup.crt0.o)
                0x02001060                crt0ProcessLoadList
 .text.crt0Startup
                0x020010d4      0x180 /opt/devkitpro/calico/lib/libcalico_ds9.a(startup.crt0.o)
                0x020010d4                crt0Startup
 .text.crt0CopyMem32
                0x02001254       0x4c /opt/devkitpro/calico/lib/libcalico_ds9.a(utils.crt0.o)
                0x02001254                crt0CopyMem32
 .text.crt0FillMem32
                0x020012a0       0x58 /opt/devkitpro/calico/lib/libcalico_ds9.a(utils.crt0.o)
                0x020012a0                crt0FillMem32
 .text.crt0SetupMPU
                0x020012f8       0xb4 /opt/devkitpro/calico/lib/libcalico_ds9.a(mpu_setup.crt0.o)
                0x020012f8                crt0SetupMPU
 *.crt0.*(.glue_7t .glue_7 .vfp11_veneer .v4_bx)
 *.crt0.*(.rodata .rodata.* .gnu.linkonce.r.*)
 *.crt0.*(.rodata1)
                0x020013c0                        . = ALIGN (0x20)
 *fill*         0x020013ac       0x14 ff
                0x02004998                        PROVIDE (__crt0_lma = LOADADDR (.crt0))
                0x02001000                        PROVIDE (__crt0_start = ADDR (.crt0))
                0x020013c0                        PROVIDE (__crt0_end = (ADDR (.crt0) + SIZEOF (.crt0)))
                0x00000001                        ASSERT (((__crt0_end <= LOADADDR (.bootstub)) || (__crt0_start >= (LOADADDR (.bootstub) + SIZEOF (.bootstub)))), Error: crt0 section overlaps initial bootstrap)

.dldi           0x0380b000        0x0 load address 0x02004d58
 *(.dldi)
                0x00000000                        PROVIDE (__dldi_lma = SIZEOF (.dldi)?LOADADDR (.dldi):0x0)

.vectors        0x00000000       0x20 load address 0x02004d58
 *(.vectors)
 .vectors       0x00000000       0x20 /opt/devkitpro/calico/lib/libcalico_ds9.a(bootstub_arm9.o)

.itcm           0x01ff8020      0x698 load address 0x02004d78
 *(.itcm .itcm.*)
 .itcm          0x01ff8020       0x30 /opt/devkitpro/calico/lib/libcalico_ds9.a(bootstub_arm9.o)
                0x01ff8038                __excpt_vectors
 *.itcm.*(.text .stub .text.* .gnu.linkonce.t.*)
 *.32.o(.text .stub .text.* .gnu.linkonce.t.*)
 .text.threadReschedule
                0x01ff8050       0x88 /opt/devkitpro/calico/lib/libcalico_ds9.a(thread_hot.32.o)
 .text.threadBlock
                0x01ff80d8       0xd8 /opt/devkitpro/calico/lib/libcalico_ds9.a(thread_hot.32.o)
                0x01ff80d8                threadBlock
 .text.threadUnblockOneByValue
                0x01ff81b0       0xc0 /opt/devkitpro/calico/lib/libcalico_ds9.a(thread_hot.32.o)
                0x01ff81b0                threadUnblockOneByValue
 .text.threadUnblockAllByValue
                0x01ff8270      0x130 /opt/devkitpro/calico/lib/libcalico_ds9.a(thread_hot.32.o)
                0x01ff8270                threadUnblockAllByValue
 .text.threadUnblockAllByMask
                0x01ff83a0      0x134 /opt/devkitpro/calico/lib/libcalico_ds9.a(thread_hot.32.o)
                0x01ff83a0                threadUnblockAllByMask
 .text.armContextSave
                0x01ff84d4       0x2c /opt/devkitpro/calico/lib/libcalico_ds9.a(arm-context.32.o)
                0x01ff84d4                armContextSave
 .text.armContextLoad
                0x01ff8500       0x20 /opt/devkitpro/calico/lib/libcalico_ds9.a(arm-context.32.o)
                0x01ff8500                armContextLoad
                0x01ff8504                armContextLoadFromSvc
 .text.armWaitForIrq
                0x01ff8520        0x8 /opt/devkitpro/calico/lib/libcalico_ds9.a(arm-shims.32.o)
                0x01ff8520                armWaitForIrq
 .text.armDrainWriteBuffer
                0x01ff8528        0xc /opt/devkitpro/calico/lib/libcalico_ds9.a(arm-cache.32.o)
                0x01ff8528                armDrainWriteBuffer
 .text.armDCacheFlushAll
                0x01ff8534       0x28 /opt/devkitpro/calico/lib/libcalico_ds9.a(arm-cache.32.o)
                0x01ff8534                armDCacheFlushAll
 .text.armDCacheFlush
                0x01ff855c       0x1c /opt/devkitpro/calico/lib/libcalico_ds9.a(arm-cache.32.o)
                0x01ff855c                armDCacheFlush
 .text.armICacheInvalidateAll
                0x01ff8578        0xc /opt/devkitpro/calico/lib/libcalico_ds9.a(arm-cache.32.o)
                0x01ff8578                armICacheInvalidateAll
 .text.__excpt_entry
                0x01ff8584       0x50 /opt/devkitpro/calico/lib/libcalico_ds9.a(excpt_handler.32.o)
                0x01ff8584                __arm_excpt_rst
                0x01ff8588                __arm_excpt_pabt
                0x01ff858c                __arm_excpt_und
                0x01ff8598                __arm_excpt_dabt
 .text.__arm_excpt_irq
                0x01ff85d4       0xe4 /opt/devkitpro/calico/lib/libcalico_ds9.a(irq_handler.32.o)
                0x01ff85d4                __arm_excpt_irq
 *.itcm.*(.glue_7t .glue_7 .vfp11_veneer .v4_bx)
 *.32.o(.glue_7t .glue_7 .vfp11_veneer .v4_bx)
 *.itcm.*(.rodata .rodata.* .gnu.linkonce.r.*)
 *.32.o(.rodata .rodata.* .gnu.linkonce.r.*)
 *.itcm.*(.rodata1)
 *.32.o(.rodata1)
                0x01ff86b8                        . = ALIGN (0x4)
                0x02004d58                        PROVIDE (__itcm_lma = LOADADDR (.vectors))
                0x01ff8000                        PROVIDE (__itcm_start = (ADDR (.itcm) - SIZEOF (.vectors)))
                0x01ff86b8                        PROVIDE (__itcm_end = (ADDR (.itcm) + SIZEOF (.itcm)))
                0x00000001                        ASSERT (((__itcm_lma + SIZEOF (.vectors)) == LOADADDR (.itcm)), Error: gap between vectors and itcm)

.dtcm           0x02ff0000        0x0 load address 0x02005410
 *(.dtcm .dtcm.*)
 *.32.o(.data .data.* .gnu.linkonce.d.*)
 *.32.o(.data1)
                0x02ff0000                        . = ALIGN (0x4)
                [!provide]                        PROVIDE (__dtcm_lma = LOADADDR (.dtcm))
                0x02ff0000                        PROVIDE (__dtcm_start = ADDR (.dtcm))
                0x02ff0000                        PROVIDE (__dtcm_end = (ADDR (.dtcm) + SIZEOF (.dtcm)))

.dtcm.bss       0x02ff0000       0x98 load address 0x02005410
 *(.sbss .sbss.*)
 *.32.o(.dynbss)
 *.32.o(.bss .bss.* .gnu.linkonce.b.*)
 .bss.__irq_table
                0x02ff0000       0x80 /opt/devkitpro/calico/lib/libcalico_ds9.a(thread_hot.32.o)
                0x02ff0000                __irq_table
 .bss.__sched_state
                0x02ff0080       0x18 /opt/devkitpro/calico/lib/libcalico_ds9.a(thread_hot.32.o)
                0x02ff0080                __sched_state
 *.32.o(COMMON)
                0x02ff0098                        . = ALIGN (0x4)
                [!provide]                        PROVIDE (__dtcm_bss_start = ADDR (.dtcm.bss))
                0x02ff0098                        PROVIDE (__dtcm_bss_end = (ADDR (.dtcm.bss) + SIZEOF (.dtcm.bss)))

.main           0x020013c0     0x63a0 load address 0x02005410
 *(SORT_NONE(.init))
 .init          0x020013c0        0x4 /opt/devkitpro/devkitARM/bin/../lib/gcc/arm-none-eabi/15.1.0/thumb/crti.o
                0x020013c0                _init
 .init          0x020013c4        0x8 /opt/devkitpro/devkitARM/bin/../lib/gcc/arm-none-eabi/15.1.0/thumb/crtn.o
 EXCLUDE_FILE(*.twl.*) *(.text.unlikely .text.*_unlikely .text.unlikely.*)
 EXCLUDE_FILE(*.twl.*) *(.text.exit .text.exit.*)
 .text.exit     0x020013cc       0x24 /opt/devkitpro/devkitARM/bin/../lib/gcc/arm-none-eabi/15.1.0/../../../../arm-none-eabi/lib/thumb/libg.a(libc_a-exit.o)
                0x020013cc                exit
 EXCLUDE_FILE(*.twl.*) *(.text.startup .text.startup.*)
 .text.startup  0x020013f0       0xcc template.o
                0x020013f0                main
 EXCLUDE_FILE(*.twl.*) *(.text.hot .text.hot.*)
 EXCLUDE_FILE(*.twl.*) *(.text .iplt .stub .text.* .gnu.linkonce.t.*)
 .text.__do_global_dtors_aux
                0x020014bc       0x2c /opt/devkitpro/devkitARM/bin/../lib/gcc/arm-none-eabi/15.1.0/thumb/crtbegin.o
 .text.frame_dummy
                0x020014e8       0x24 /opt/devkitpro/devkitARM/bin/../lib/gcc/arm-none-eabi/15.1.0/thumb/crtbegin.o
 .iplt          0x0200150c        0x0 /opt/devkitpro/devkitARM/bin/../lib/gcc/arm-none-eabi/15.1.0/thumb/crtbegin.o
 .text          0x0200150c       0xe0 house.o
                0x0200150c                initHouse
                0x02001538                generateHouse
                0x020015bc                hideHouseMenu
 .text          0x020015ec      0x118 menu.o
                0x020015ec                initMenu
                0x0200164c                displayMenu
 .text          0x02001704      0x124 units.o
                0x02001704                addNewUnit
                0x02001744                characterMovement
 .text.scanKeys
                0x02001828       0x6c /opt/devkitpro/libnds/lib/libnds9.a(keys.o)
                0x02001828                scanKeys
 .text.keysHeld
                0x02001894        0xc /opt/devkitpro/libnds/lib/libnds9.a(keys.o)
                0x02001894                keysHeld
 .text.oamAllocReset
                0x020018a0       0x1c /opt/devkitpro/libnds/lib/libnds9.a(sprite_alloc.o)
                0x020018a0                oamAllocReset
 .text.oamAllocateGfx
                0x020018bc      0x578 /opt/devkitpro/libnds/lib/libnds9.a(sprite_alloc.o)
                0x020018bc                oamAllocateGfx
 .text.oamInit  0x02001e34      0x138 /opt/devkitpro/libnds/lib/libnds9.a(sprite.o)
                0x02001e34                oamInit
 .text.oamGetGfxPtr
                0x02001f6c       0x34 /opt/devkitpro/libnds/lib/libnds9.a(sprite.o)
                0x02001f6c                oamGetGfxPtr
 .text.oamGfxPtrToOffset
                0x02001fa0       0x34 /opt/devkitpro/libnds/lib/libnds9.a(sprite.o)
                0x02001fa0                oamGfxPtrToOffset
 .text.oamSet   0x02001fd4      0x100 /opt/devkitpro/libnds/lib/libnds9.a(sprite.o)
                0x02001fd4                oamSet
 .text.oamUpdate
                0x020020d4       0x78 /opt/devkitpro/libnds/lib/libnds9.a(sprite.o)
                0x020020d4                oamUpdate
 .text.threadExit
                0x0200214c       0x9c /opt/devkitpro/calico/lib/libcalico_ds9.a(thread_cold.o)
                0x0200214c                threadExit
 .text._threadTickTask
                0x020021e8       0x10 /opt/devkitpro/calico/lib/libcalico_ds9.a(thread_cold.o)
 .text._threadInit
                0x020021f8       0x98 /opt/devkitpro/calico/lib/libcalico_ds9.a(thread_cold.o)
                0x020021f8                _threadInit
 .text.threadPrepare
                0x02002290       0xa4 /opt/devkitpro/calico/lib/libcalico_ds9.a(thread_cold.o)
                0x02002290                threadPrepare
 .text.threadStart
                0x02002334       0xc8 /opt/devkitpro/calico/lib/libcalico_ds9.a(thread_cold.o)
                0x02002334                threadStart
 .text.threadIrqWait
                0x020023fc       0xa0 /opt/devkitpro/calico/lib/libcalico_ds9.a(thread_cold.o)
                0x020023fc                threadIrqWait
 .text.threadSleepTicks
                0x0200249c       0x58 /opt/devkitpro/calico/lib/libcalico_ds9.a(thread_cold.o)
                0x0200249c                threadSleepTicks
 .text.keypadGetState
                0x020024f4       0x28 /opt/devkitpro/calico/lib/libcalico_ds9.a(keypad.o)
                0x020024f4                keypadGetState
 .text.touchRead
                0x0200251c       0x58 /opt/devkitpro/calico/lib/libcalico_ds9.a(touch.o)
                0x0200251c                touchRead
 .text._tickCountIsr
                0x02002574       0x1c /opt/devkitpro/calico/lib/libcalico_ds9.a(tick.o)
 .text._tickTaskSchedule.part.0.isra.0
                0x02002590       0x84 /opt/devkitpro/calico/lib/libcalico_ds9.a(tick.o)
 .text.tickInit
                0x02002614       0xa0 /opt/devkitpro/calico/lib/libcalico_ds9.a(tick.o)
                0x02002614                tickInit
 .text.tickGetCount
                0x020026b4       0x5c /opt/devkitpro/calico/lib/libcalico_ds9.a(tick.o)
                0x020026b4                tickGetCount
 .text._tickTaskIsr
                0x02002710      0x110 /opt/devkitpro/calico/lib/libcalico_ds9.a(tick.o)
 .text.tickTaskStart
                0x02002820      0x144 /opt/devkitpro/calico/lib/libcalico_ds9.a(tick.o)
                0x02002820                tickTaskStart
 .text.__syscall_getreent
                0x02002964       0x14 /opt/devkitpro/calico/lib/libcalico_ds9.a(newlib_syscalls.o)
                0x02002964                __syscall_getreent
 .text.__syscall_lock_acquire_recursive
                0x02002978       0x4c /opt/devkitpro/calico/lib/libcalico_ds9.a(newlib_syscalls.o)
                0x02002978                __syscall_lock_acquire_recursive
 .text.__syscall_lock_release_recursive
                0x020029c4       0x18 /opt/devkitpro/calico/lib/libcalico_ds9.a(newlib_syscalls.o)
                0x020029c4                __syscall_lock_release_recursive
 .text._pxiMailboxHandler
                0x020029dc        0x4 /opt/devkitpro/calico/lib/libcalico_ds9.a(pxi.o)
 .text._pxiRecvUnhandled
                0x020029e0        0x4 /opt/devkitpro/calico/lib/libcalico_ds9.a(pxi.o)
                0x020029e0                _pxiRecvUnhandled
 .text._pxiRecvIrqHandler
                0x020029e4      0x154 /opt/devkitpro/calico/lib/libcalico_ds9.a(pxi.o)
 .text._pxiInit
                0x02002b38       0x58 /opt/devkitpro/calico/lib/libcalico_ds9.a(pxi.o)
                0x02002b38                _pxiInit
 .text.pxiSetHandler
                0x02002b90       0x74 /opt/devkitpro/calico/lib/libcalico_ds9.a(pxi.o)
                0x02002b90                pxiSetHandler
 .text.pxiSetMailbox
                0x02002c04       0x68 /opt/devkitpro/calico/lib/libcalico_ds9.a(pxi.o)
                0x02002c04                pxiSetMailbox
 .text.pxiWaitRemote
                0x02002c6c       0x38 /opt/devkitpro/calico/lib/libcalico_ds9.a(pxi.o)
                0x02002c6c                pxiWaitRemote
 .text.pxiSendPacket
                0x02002ca4       0x50 /opt/devkitpro/calico/lib/libcalico_ds9.a(pxi.o)
                0x02002ca4                pxiSendPacket
 .text.systemUserStartup
                0x02002cf4        0x4 /opt/devkitpro/calico/lib/libcalico_ds9.a(sys_startup.o)
                0x02002cf4                systemUserStartup
 .text.systemStartup
                0x02002cf8      0x104 /opt/devkitpro/calico/lib/libcalico_ds9.a(sys_startup.o)
                0x02002cf8                systemStartup
 .text.irqSet   0x02002dfc       0x64 /opt/devkitpro/calico/lib/libcalico_ds9.a(irq.o)
                0x02002dfc                irqSet
 .text.threadUpdateDynamicPrio
                0x02002e60      0x1cc /opt/devkitpro/calico/lib/libcalico_ds9.a(mutex.o)
 .text.threadRemoveWaiter
                0x0200302c      0x1c8 /opt/devkitpro/calico/lib/libcalico_ds9.a(mutex.o)
 .text.mutexLock
                0x020031f4      0x150 /opt/devkitpro/calico/lib/libcalico_ds9.a(mutex.o)
                0x020031f4                mutexLock
 .text.mutexUnlock
                0x02003344       0xd0 /opt/devkitpro/calico/lib/libcalico_ds9.a(mutex.o)
                0x02003344                mutexUnlock
 .text.mailboxTrySend
                0x02003414       0x98 /opt/devkitpro/calico/lib/libcalico_ds9.a(mailbox.o)
                0x02003414                mailboxTrySend
 .text.mailboxRecv
                0x020034ac       0x98 /opt/devkitpro/calico/lib/libcalico_ds9.a(mailbox.o)
                0x020034ac                mailboxRecv
 .text._pmCallEventHandlers
                0x02003544       0x40 /opt/devkitpro/calico/lib/libcalico_ds9.a(pm.o)
 .text._pmPxiThreadMain
                0x02003584       0xa0 /opt/devkitpro/calico/lib/libcalico_ds9.a(pm.o)
 .text._pmResetPxiHandler
                0x02003624       0x28 /opt/devkitpro/calico/lib/libcalico_ds9.a(pm.o)
 .text.systemUserExit
                0x0200364c        0x4 /opt/devkitpro/calico/lib/libcalico_ds9.a(pm.o)
                0x0200364c                systemUserExit
 .text.systemErrorExit
                0x02003650        0x4 /opt/devkitpro/calico/lib/libcalico_ds9.a(pm.o)
                0x02003650                systemErrorExit
 .text.__syscall_exit
                0x02003654      0x138 /opt/devkitpro/calico/lib/libcalico_ds9.a(pm.o)
                0x02003654                __syscall_exit
 .text.pmInit   0x0200378c       0x58 /opt/devkitpro/calico/lib/libcalico_ds9.a(pm.o)
                0x0200378c                pmInit
 .text          0x020037e4        0x4 /opt/devkitpro/devkitARM/bin/../lib/gcc/arm-none-eabi/15.1.0/thumb/libgcc.a(_dvmd_tls.o)
                0x020037e4                __aeabi_ldiv0
                0x020037e4                __aeabi_idiv0
 .text.__libc_init_array
                0x020037e8       0x54 /opt/devkitpro/devkitARM/bin/../lib/gcc/arm-none-eabi/15.1.0/../../../../arm-none-eabi/lib/thumb/libg.a(libc_a-init.o)
                0x020037e8                __libc_init_array
 .text.realloc  0x0200383c       0x18 /opt/devkitpro/devkitARM/bin/../lib/gcc/arm-none-eabi/15.1.0/../../../../arm-none-eabi/lib/thumb/libg.a(libc_a-realloc.o)
                0x0200383c                realloc
 .text._malloc_r
                0x02003854      0x550 /opt/devkitpro/devkitARM/bin/../lib/gcc/arm-none-eabi/15.1.0/../../../../arm-none-eabi/lib/thumb/libg.a(libc_a-mallocr.o)
                0x02003854                _malloc_r
 .text._malloc_trim_r
                0x02003da4       0xac /opt/devkitpro/devkitARM/bin/../lib/gcc/arm-none-eabi/15.1.0/../../../../arm-none-eabi/lib/thumb/libg.a(libc_a-freer.o)
                0x02003da4                _malloc_trim_r
 .text._free_r  0x02003e50      0x1d8 /opt/devkitpro/devkitARM/bin/../lib/gcc/arm-none-eabi/15.1.0/../../../../arm-none-eabi/lib/thumb/libg.a(libc_a-freer.o)
                0x02003e50                _free_r
 .text.malloc   0x02004028       0x28 /opt/devkitpro/devkitARM/bin/../lib/gcc/arm-none-eabi/15.1.0/../../../../arm-none-eabi/lib/thumb/libg.a(libc_a-malloc.o)
                0x02004028                malloc
 .text.free     0x02004050       0x14 /opt/devkitpro/devkitARM/bin/../lib/gcc/arm-none-eabi/15.1.0/../../../../arm-none-eabi/lib/thumb/libg.a(libc_a-malloc.o)
                0x02004050                free
 .text.memset   0x02004064       0x8c /opt/devkitpro/devkitARM/bin/../lib/gcc/arm-none-eabi/15.1.0/../../../../arm-none-eabi/lib/thumb/libg.a(libc_a-memset.o)
                0x02004064                memset
 .text._realloc_r
                0x020040f0      0x344 /opt/devkitpro/devkitARM/bin/../lib/gcc/arm-none-eabi/15.1.0/../../../../arm-none-eabi/lib/thumb/libg.a(libc_a-reallocr.o)
                0x020040f0                _realloc_r
 .text.__malloc_lock
                0x02004434       0x14 /opt/devkitpro/devkitARM/bin/../lib/gcc/arm-none-eabi/15.1.0/../../../../arm-none-eabi/lib/thumb/libg.a(libc_a-mlock.o)
                0x02004434                __malloc_lock
 .text.__malloc_unlock
                0x02004448       0x14 /opt/devkitpro/devkitARM/bin/../lib/gcc/arm-none-eabi/15.1.0/../../../../arm-none-eabi/lib/thumb/libg.a(libc_a-mlock.o)
                0x02004448                __malloc_unlock
 .text.__call_exitprocs
                0x0200445c        0xc /opt/devkitpro/devkitARM/bin/../lib/gcc/arm-none-eabi/15.1.0/../../../../arm-none-eabi/lib/thumb/libg.a(libc_a-exit.o)
                0x0200445c                __call_exitprocs
 .text.memmove  0x02004468       0xcc /opt/devkitpro/devkitARM/bin/../lib/gcc/arm-none-eabi/15.1.0/../../../../arm-none-eabi/lib/thumb/libg.a(libc_a-memmove.o)
                0x02004468                memmove
 .text._memalign_r
                0x02004534      0x118 /opt/devkitpro/devkitARM/bin/../lib/gcc/arm-none-eabi/15.1.0/../../../../arm-none-eabi/lib/thumb/libg.a(libc_a-malignr.o)
                0x02004534                _memalign_r
 .text.__libc_fini_array
                0x0200464c       0x30 /opt/devkitpro/devkitARM/bin/../lib/gcc/arm-none-eabi/15.1.0/../../../../arm-none-eabi/lib/thumb/libg.a(libc_a-fini.o)
                0x0200464c                __libc_fini_array
 .text._exit    0x0200467c       0x14 /opt/devkitpro/devkitARM/bin/../lib/gcc/arm-none-eabi/15.1.0/../../../../arm-none-eabi/lib/thumb/libsysbase.a(libsysbase_libsysbase_a-_exit.o)
                0x0200467c                _exit
 .text.__getreent
                0x02004690       0x20 /opt/devkitpro/devkitARM/bin/../lib/gcc/arm-none-eabi/15.1.0/../../../../arm-none-eabi/lib/thumb/libsysbase.a(libsysbase_libsysbase_a-getreent.o)
                0x02004690                __getreent
 .text._sbrk_r  0x020046b0       0x50 /opt/devkitpro/devkitARM/bin/../lib/gcc/arm-none-eabi/15.1.0/../../../../arm-none-eabi/lib/thumb/libsysbase.a(libsysbase_libsysbase_a-sbrk.o)
                0x020046b0                _sbrk_r
 .text.__libc_lock_acquire_recursive
                0x02004700       0x18 /opt/devkitpro/devkitARM/bin/../lib/gcc/arm-none-eabi/15.1.0/../../../../arm-none-eabi/lib/thumb/libsysbase.a(libsysbase_libsysbase_a-syscall_support.o)
                0x02004700                __libc_lock_acquire_recursive
 .text.__libc_lock_release_recursive
                0x02004718       0x18 /opt/devkitpro/devkitARM/bin/../lib/gcc/arm-none-eabi/15.1.0/../../../../arm-none-eabi/lib/thumb/libsysbase.a(libsysbase_libsysbase_a-syscall_support.o)
                0x02004718                __libc_lock_release_recursive
 .text          0x02004730      0x11c /opt/devkitpro/devkitARM/bin/../lib/gcc/arm-none-eabi/15.1.0/thumb/libgcc.a(_udivsi3.o)
                0x02004730                __udivsi3
                0x02004730                __aeabi_uidiv
                0x0200482c                __aeabi_uidivmod
 EXCLUDE_FILE(*.twl.*) *(.glue_7t .glue_7 .vfp11_veneer .v4_bx)
 .glue_7        0x0200484c        0x0 linker stubs
 .glue_7t       0x0200484c        0x0 linker stubs
 .vfp11_veneer  0x0200484c        0x0 linker stubs
 .v4_bx         0x0200484c        0x0 linker stubs
 *(SORT_NONE(.fini))
 .fini          0x0200484c        0x4 /opt/devkitpro/devkitARM/bin/../lib/gcc/arm-none-eabi/15.1.0/thumb/crti.o
                0x0200484c                _fini
 .fini          0x02004850        0x8 /opt/devkitpro/devkitARM/bin/../lib/gcc/arm-none-eabi/15.1.0/thumb/crtn.o
 .fini.__stub   0x02004858        0x8 linker stubs
 EXCLUDE_FILE(*.twl.*) *(.rodata .rodata.* .gnu.linkonce.r.*)
 .rodata        0x02004860     0x2f00 spritesheet.o
                0x02004860                spritesheetTiles
                0x02007560                spritesheetPal
 EXCLUDE_FILE(*.twl.*) *(.rodata1)
                0x02007760                        . = ALIGN (0x4)

.main.rw        0x02007760      0x590 load address 0x0200b7b0
 EXCLUDE_FILE(*.twl.*) *(.data .data.* .gnu.linkonce.d.*)
 .data.count    0x02007760        0x1 /opt/devkitpro/libnds/lib/libnds9.a(keys.o)
 .data.repeat   0x02007761        0x1 /opt/devkitpro/libnds/lib/libnds9.a(keys.o)
 .data.delay    0x02007762        0x1 /opt/devkitpro/libnds/lib/libnds9.a(keys.o)
 *fill*         0x02007763        0x1 ff
 .data.oamSub   0x02007764       0x18 /opt/devkitpro/libnds/lib/libnds9.a(sprite.o)
                0x02007764                oamSub
 .data.oamMain  0x0200777c       0x18 /opt/devkitpro/libnds/lib/libnds9.a(sprite.o)
                0x0200777c                oamMain
 .data.__malloc_sbrk_base
                0x02007794        0x4 /opt/devkitpro/devkitARM/bin/../lib/gcc/arm-none-eabi/15.1.0/../../../../arm-none-eabi/lib/thumb/libg.a(libc_a-mallocr.o)
                0x02007794                __malloc_sbrk_base
 .data.__malloc_trim_threshold
                0x02007798        0x4 /opt/devkitpro/devkitARM/bin/../lib/gcc/arm-none-eabi/15.1.0/../../../../arm-none-eabi/lib/thumb/libg.a(libc_a-mallocr.o)
                0x02007798                __malloc_trim_threshold
 *fill*         0x0200779c        0x4 ff
 .data.__malloc_av_
                0x020077a0      0x408 /opt/devkitpro/devkitARM/bin/../lib/gcc/arm-none-eabi/15.1.0/../../../../arm-none-eabi/lib/thumb/libg.a(libc_a-mallocr.o)
                0x020077a0                __malloc_av_
 .data._impure_ptr
                0x02007ba8        0x4 /opt/devkitpro/devkitARM/bin/../lib/gcc/arm-none-eabi/15.1.0/../../../../arm-none-eabi/lib/thumb/libg.a(libc_a-impure.o)
                0x02007ba8                _impure_ptr
 *fill*         0x02007bac        0x4 ff
 .data._impure_data
                0x02007bb0      0x140 /opt/devkitpro/devkitARM/bin/../lib/gcc/arm-none-eabi/15.1.0/../../../../arm-none-eabi/lib/thumb/libg.a(libc_a-impure.o)
                0x02007bb0                _impure_data
 EXCLUDE_FILE(*.twl.*) *(.data1)
 EXCLUDE_FILE(*.twl.*) *(.igot.plt)
 .igot.plt      0x02007cf0        0x0 /opt/devkitpro/devkitARM/bin/../lib/gcc/arm-none-eabi/15.1.0/thumb/crtbegin.o
                0x02007cf0                        . = ALIGN (0x4)

.ARM.extab
 *(.ARM.extab* .gnu.linkonce.armextab.*)

.ARM.exidx      0x02007cf0        0x0 load address 0x0200bd40
 *(.ARM.exidx* .gnu.linkonce.armexidx.*)
                [!provide]                        PROVIDE (__exidx_start = ADDR (.ARM.exidx))
                [!provide]                        PROVIDE (__exidx_end = (ADDR (.ARM.exidx) + SIZEOF (.ARM.exidx)))

.eh_frame_hdr
 *(.eh_frame_hdr)
 *(.eh_frame_entry .eh_frame_entry.*)

.eh_frame       0x02007cf0        0x4 load address 0x0200bd40
 *(.eh_frame)
 .eh_frame      0x02007cf0        0x0 /opt/devkitpro/devkitARM/bin/../lib/gcc/arm-none-eabi/15.1.0/thumb/crtbegin.o
 .eh_frame      0x02007cf0        0x4 /opt/devkitpro/devkitARM/bin/../lib/gcc/arm-none-eabi/15.1.0/thumb/crtend.o
 *(.eh_frame.*)

.gcc_except_table
 *(.gcc_except_table .gcc_except_table.*)

.gnu_extab
 *(.gnu_extab*)

.tinfo          0x02007cf4        0xc load address 0x0200bd44
                0x02007cf4        0x4 LONG 0x2007d08 __tls_start
                0x02007cf8        0x4 LONG 0x0 SIZEOF (.main.tls)
                0x02007cfc        0x4 LONG 0x0 SIZEOF (.tdata)
                0x02007cf4                        PROVIDE (__tls_info = ADDR (.tinfo))

.preinit_array  0x02007d00        0x0 load address 0x0200bd50
                0x02007d00                        PROVIDE (__preinit_array_start = .)
 *(.preinit_array)
                0x02007d00                        PROVIDE (__preinit_array_end = .)

.init_array     0x02007d00        0x4 load address 0x0200bd50
                0x02007d00                        PROVIDE (__init_array_start = .)
 *(SORT_BY_INIT_PRIORITY(.init_array.*) SORT_BY_INIT_PRIORITY(.ctors.*))
 *(.init_array .ctors)
 .init_array    0x02007d00        0x4 /opt/devkitpro/devkitARM/bin/../lib/gcc/arm-none-eabi/15.1.0/thumb/crtbegin.o
                0x02007d04                        PROVIDE (__init_array_end = .)

.fini_array     0x02007d04        0x4 load address 0x0200bd54
                0x02007d04                        PROVIDE (__fini_array_start = .)
 *(SORT_BY_INIT_PRIORITY(.fini_array.*) SORT_BY_INIT_PRIORITY(.dtors.*))
 *(.fini_array .dtors)
 .fini_array    0x02007d04        0x4 /opt/devkitpro/devkitARM/bin/../lib/gcc/arm-none-eabi/15.1.0/thumb/crtbegin.o
                0x02007d08                        PROVIDE (__fini_array_end = .)
                [!provide]                        PROVIDE (__main_lma = LOADADDR (.main))
                0x020013c0                        PROVIDE (__main_start = ADDR (.main))
                0x02007d08                        PROVIDE (__main_end = (ADDR (.fini_array) + SIZEOF (.fini_array)))

.tdata          0x00000000        0x0 load address 0x0200bd58
 *(.tdata .tdata.* .gnu.linkonce.td.*)
                0x00000000                        . = ALIGN (0x4)

.tbss           0x00000000        0x0 load address 0x0200bd58
 *(.tbss .tbss.* .gnu.linkonce.tb.*)
 *(.tcommon)
                0x00000000                        . = ALIGN (0x4)
                0x00000001                        ASSERT (((ALIGNOF (.tdata) <= 0x8) || (ALIGNOF (.tbss) <= 0x8)), Error: TLS is overaligned (up to 8-byte alignment is supported))
                0x00000001                        ASSERT (((ADDR (.tbss) + SIZEOF (.tbss)) <= (ORIGIN (tls) + LENGTH (tls))), Error: TLS section too large)

.main.tls       0x02007d08        0x0
                0x02007d08                        . = (. + ((ADDR (.tbss) + SIZEOF (.tbss)) - ADDR (.tdata)))
                [!provide]                        PROVIDE (__tls_lma = LOADADDR (.tdata))
                0x02007d08                        PROVIDE (__tls_start = ADDR (.main.tls))
                0x02007d08                        PROVIDE (__tls_end = (ADDR (.main.tls) + SIZEOF (.tdata)))

.main.bss       0x02007d08      0xf74
 EXCLUDE_FILE(*.twl.*) *(.dynbss)
 EXCLUDE_FILE(*.twl.*) *(.bss .bss.* .gnu.linkonce.b.*)
 .bss.completed.1
                0x02007d08        0x1 /opt/devkitpro/devkitARM/bin/../lib/gcc/arm-none-eabi/15.1.0/thumb/crtbegin.o
 *fill*         0x02007d09        0x3 
 .bss.object.0  0x02007d0c       0x18 /opt/devkitpro/devkitARM/bin/../lib/gcc/arm-none-eabi/15.1.0/thumb/crtbegin.o
 .bss           0x02007d24        0x8 template.o
                0x02007d24                touch
 .bss.keysrepeat
                0x02007d2c        0x2 /opt/devkitpro/libnds/lib/libnds9.a(keys.o)
 *fill*         0x02007d2e        0x2 
 .bss.s_keypad  0x02007d30        0x4 /opt/devkitpro/libnds/lib/libnds9.a(keys.o)
 .bss.OamMemory
                0x02007d34      0x400 /opt/devkitpro/libnds/lib/libnds9.a(sprite.o)
                0x02007d34                OamMemory
 .bss.OamMemorySub
                0x02008134      0x400 /opt/devkitpro/libnds/lib/libnds9.a(sprite.o)
                0x02008134                OamMemorySub
 .bss.s_sleepThreads
                0x02008534        0x8 /opt/devkitpro/calico/lib/libcalico_ds9.a(thread_cold.o)
 .bss.s_joinThreads
                0x0200853c        0x8 /opt/devkitpro/calico/lib/libcalico_ds9.a(thread_cold.o)
 .bss.s_idleThread
                0x02008544       0x70 /opt/devkitpro/calico/lib/libcalico_ds9.a(thread_cold.o)
 .bss.s_mainThread
                0x020085b4       0x70 /opt/devkitpro/calico/lib/libcalico_ds9.a(thread_cold.o)
 .bss.s_firstTask
                0x02008624        0x4 /opt/devkitpro/calico/lib/libcalico_ds9.a(tick.o)
 .bss.s_highTickCount
                0x02008628        0x8 /opt/devkitpro/calico/lib/libcalico_ds9.a(tick.o)
 .bss.s_tickInit
                0x02008630        0x1 /opt/devkitpro/calico/lib/libcalico_ds9.a(tick.o)
 *fill*         0x02008631        0x3 
 .bss.__stacksize__
                0x02008634        0x4 /opt/devkitpro/calico/lib/libcalico_ds9.a(startup.crt0.o)
                0x02008634                __stacksize__
 .bss.g_isTwlMode
                0x02008638        0x1 /opt/devkitpro/calico/lib/libcalico_ds9.a(startup.crt0.o)
                0x02008638                g_isTwlMode
 *fill*         0x02008639        0x3 
 .bss.s_pxiChannels
                0x0200863c      0x1f0 /opt/devkitpro/calico/lib/libcalico_ds9.a(pxi.o)
 .bss.s_pxiRecvState
                0x0200882c        0x4 /opt/devkitpro/calico/lib/libcalico_ds9.a(pxi.o)
 .bss.s_pxiRecvQueue
                0x02008830        0x8 /opt/devkitpro/calico/lib/libcalico_ds9.a(pxi.o)
 .bss.s_pxiSendMutex
                0x02008838        0x4 /opt/devkitpro/calico/lib/libcalico_ds9.a(pxi.o)
 .bss.s_mailboxRecvQueue
                0x0200883c        0x8 /opt/devkitpro/calico/lib/libcalico_ds9.a(mailbox.o)
 *fill*         0x02008844        0x4 
 .bss.s_pmPxiThreadStack
                0x02008848      0x200 /opt/devkitpro/calico/lib/libcalico_ds9.a(pm.o)
 .bss.s_pmPxiThread
                0x02008a48       0x70 /opt/devkitpro/calico/lib/libcalico_ds9.a(pm.o)
 .bss.s_pmState
                0x02008ab8        0x8 /opt/devkitpro/calico/lib/libcalico_ds9.a(pm.o)
 .bss.__malloc_current_mallinfo
                0x02008ac0       0x28 /opt/devkitpro/devkitARM/bin/../lib/gcc/arm-none-eabi/15.1.0/../../../../arm-none-eabi/lib/thumb/libg.a(libc_a-mallocr.o)
                0x02008ac0                __malloc_current_mallinfo
 .bss.__malloc_max_total_mem
                0x02008ae8        0x4 /opt/devkitpro/devkitARM/bin/../lib/gcc/arm-none-eabi/15.1.0/../../../../arm-none-eabi/lib/thumb/libg.a(libc_a-mallocr.o)
                0x02008ae8                __malloc_max_total_mem
 .bss.__malloc_max_sbrked_mem
                0x02008aec        0x4 /opt/devkitpro/devkitARM/bin/../lib/gcc/arm-none-eabi/15.1.0/../../../../arm-none-eabi/lib/thumb/libg.a(libc_a-mallocr.o)
                0x02008aec                __malloc_max_sbrked_mem
 .bss.__malloc_top_pad
                0x02008af0        0x4 /opt/devkitpro/devkitARM/bin/../lib/gcc/arm-none-eabi/15.1.0/../../../../arm-none-eabi/lib/thumb/libg.a(libc_a-mallocr.o)
                0x02008af0                __malloc_top_pad
 .bss.__malloc_recursive_mutex
                0x02008af4        0xc /opt/devkitpro/devkitARM/bin/../lib/gcc/arm-none-eabi/15.1.0/../../../../arm-none-eabi/lib/thumb/libg.a(libc_a-mlock.o)
 .bss.fake_heap_start
                0x02008b00        0x4 /opt/devkitpro/devkitARM/bin/../lib/gcc/arm-none-eabi/15.1.0/../../../../arm-none-eabi/lib/thumb/libsysbase.a(libsysbase_libsysbase_a-malloc_vars.o)
                0x02008b00                fake_heap_start
 .bss.fake_heap_end
                0x02008b04        0x4 /opt/devkitpro/devkitARM/bin/../lib/gcc/arm-none-eabi/15.1.0/../../../../arm-none-eabi/lib/thumb/libsysbase.a(libsysbase_libsysbase_a-malloc_vars.o)
                0x02008b04                fake_heap_end
 .bss.heap_start.0
                0x02008b08        0x4 /opt/devkitpro/devkitARM/bin/../lib/gcc/arm-none-eabi/15.1.0/../../../../arm-none-eabi/lib/thumb/libsysbase.a(libsysbase_libsysbase_a-sbrk.o)
 *fill*         0x02008b0c        0x4 
 .bss.__sf      0x02008b10      0x168 /opt/devkitpro/devkitARM/bin/../lib/gcc/arm-none-eabi/15.1.0/../../../../arm-none-eabi/lib/thumb/libg.a(libc_a-findfp.o)
                0x02008b10                __sf
 .bss.__stdio_exit_handler
                0x02008c78        0x4 /opt/devkitpro/devkitARM/bin/../lib/gcc/arm-none-eabi/15.1.0/../../../../arm-none-eabi/lib/thumb/libg.a(libc_a-findfp.o)
                0x02008c78                __stdio_exit_handler
 EXCLUDE_FILE(*.twl.*) *(COMMON)
                0x02008c7c                        . = ALIGN (0x4)
                [!provide]                        PROVIDE (__main_bss_start = ADDR (.main.bss))
                0x02008c7c                        PROVIDE (__main_bss_end = (ADDR (.main.bss) + SIZEOF (.main.bss)))
                0x02008c7c                        . = .
                0x02008c7c                        PROVIDE (__heap_start_ntr = .)
                0x00000001                        ASSERT ((. <= 0x2380000), Error: DS-mode sections overflow DS ARM9 memory size (3.5 MB))

.twl            0x02008c80        0x0 load address 0x02400000
 *(.twl .twl.*)
 *.twl.*(.text .stub .text.* .gnu.linkonce.t.*)
 *.twl.*(.glue_7t .glue_7 .vfp11_veneer .v4_bx)
 *.twl.*(.rodata .rodata.* .gnu.linkonce.r.*)
 *.twl.*(.rodata1)
                0x02008c80                        . = ALIGN (0x4)

.twl.rw         0x02008c80        0x0 load address 0x02400000
 *.twl.*(.data .data.* .gnu.linkonce.d.*)
 *.twl.*(.data1)
                0x02008c80                        . = ALIGN (0x4)
                0x02400000                        PROVIDE (__twl_lma = LOADADDR (.twl))
                0x02008c80                        PROVIDE (__twl_start = ADDR (.twl))
                0x02008c80                        PROVIDE (__twl_end = (ADDR (.twl.rw) + SIZEOF (.twl.rw)))

.twl.bss        0x02008c80        0x0 load address 0x02400000
 *(.twl_bss .twl_bss.*)
 *.twl.*(.dynbss)
 *.twl.*(.bss .bss.* .gnu.linkonce.b.*)
 *.twl.*(COMMON)
                0x02008c80                        . = ALIGN (0x4)
                [!provide]                        PROVIDE (__twl_bss_start = ADDR (.twl.bss))
                0x02008c80                        PROVIDE (__twl_bss_end = (ADDR (.twl.bss) + SIZEOF (.twl.bss)))
                0x02008c80                        . = .
                0x02008c80                        PROVIDE (__heap_start_twl = .)

.loadlist       0x0e000998       0x30 load address 0x0200bd58
                0x0e000998        0x4 LONG 0x1ff8000 __itcm_start
                0x0e00099c        0x4 LONG 0x1ff86b8 __itcm_end
                0x0e0009a0        0x4 LONG 0x1ff86b8 __itcm_end
                0x0e0009a4        0x4 LONG 0x2ff0000 __dtcm_start
                0x0e0009a8        0x4 LONG 0x2ff0000 __dtcm_end
                0x0e0009ac        0x4 LONG 0x2ff0098 __dtcm_bss_end
                0x0e0009b0        0x4 LONG 0x20013c0 __main_start
                0x0e0009b4        0x4 LONG 0x2007d08 __main_end
                0x0e0009b8        0x4 LONG 0x2007d08 __main_end
                0x0e0009bc        0x4 LONG 0x2007d08 __tls_start
                0x0e0009c0        0x4 LONG 0x2007d08 __tls_end
                0x0e0009c4        0x4 LONG 0x2008c7c __main_bss_end
                0x02004d58                        PROVIDE (__loadlist_lma = __itcm_lma)
                0x0200bd58                        PROVIDE (__loadlist_start = LOADADDR (.loadlist))
                0x0200bd88                        PROVIDE (__loadlist_end = (LOADADDR (.loadlist) + SIZEOF (.loadlist)))

.twl.loadlist   0x0e0009c8        0xc load address 0x02400000
                0x0e0009c8        0x4 LONG 0x2008c80 __twl_start
                0x0e0009cc        0x4 LONG 0x2008c80 __twl_end
                0x0e0009d0        0x4 LONG 0x2008c80 __twl_bss_end
                0x02400000                        PROVIDE (__twl_loadlist_lma = __twl_lma)
                0x02400000                        PROVIDE (__twl_loadlist_start = LOADADDR (.twl.loadlist))
                0x0240000c                        PROVIDE (__twl_loadlist_end = (LOADADDR (.twl.loadlist) + SIZEOF (.twl.loadlist)))

.rel.dyn        0x0e0009d4        0x0 load address 0x0240000c
 .rel.iplt      0x0e0009d4        0x0 /opt/devkitpro/devkitARM/bin/../lib/gcc/arm-none-eabi/15.1.0/thumb/crtbegin.o

.stab
 *(.stab)

.stabstr
 *(.stabstr)

.stab.excl
 *(.stab.excl)

.stab.exclstr
 *(.stab.exclstr)

.stab.index
 *(.stab.index)

.stab.indexstr
 *(.stab.indexstr)

.comment        0x00000000       0x23
 *(.comment)
 .comment       0x00000000       0x23 /opt/devkitpro/devkitARM/bin/../lib/gcc/arm-none-eabi/15.1.0/thumb/crtbegin.o
                                 0x24 (size before relaxing)
 .comment       0x00000023       0x24 house.o
 .comment       0x00000023       0x24 menu.o
 .comment       0x00000023       0x24 template.o
 .comment       0x00000023       0x24 units.o
 .comment       0x00000023       0x24 /opt/devkitpro/libnds/lib/libnds9.a(keys.o)
 .comment       0x00000023       0x24 /opt/devkitpro/libnds/lib/libnds9.a(sprite_alloc.o)
 .comment       0x00000023       0x24 /opt/devkitpro/libnds/lib/libnds9.a(sprite.o)
 .comment       0x00000023       0x24 /opt/devkitpro/calico/lib/libcalico_ds9.a(thread_cold.o)
 .comment       0x00000023       0x24 /opt/devkitpro/calico/lib/libcalico_ds9.a(thread_hot.32.o)
 .comment       0x00000023       0x24 /opt/devkitpro/calico/lib/libcalico_ds9.a(arm-shims.32.o)
 .comment       0x00000023       0x24 /opt/devkitpro/calico/lib/libcalico_ds9.a(keypad.o)
 .comment       0x00000023       0x24 /opt/devkitpro/calico/lib/libcalico_ds9.a(touch.o)
 .comment       0x00000023       0x24 /opt/devkitpro/calico/lib/libcalico_ds9.a(tick.o)
 .comment       0x00000023       0x24 /opt/devkitpro/calico/lib/libcalico_ds9.a(newlib_syscalls.o)
 .comment       0x00000023       0x24 /opt/devkitpro/calico/lib/libcalico_ds9.a(startup.crt0.o)
 .comment       0x00000023       0x24 /opt/devkitpro/calico/lib/libcalico_ds9.a(pxi.o)
 .comment       0x00000023       0x24 /opt/devkitpro/calico/lib/libcalico_ds9.a(sys_startup.o)
 .comment       0x00000023       0x24 /opt/devkitpro/calico/lib/libcalico_ds9.a(irq.o)
 .comment       0x00000023       0x24 /opt/devkitpro/calico/lib/libcalico_ds9.a(mutex.o)
 .comment       0x00000023       0x24 /opt/devkitpro/calico/lib/libcalico_ds9.a(mailbox.o)
 .comment       0x00000023       0x24 /opt/devkitpro/calico/lib/libcalico_ds9.a(pm.o)
 .comment       0x00000023       0x24 /opt/devkitpro/devkitARM/bin/../lib/gcc/arm-none-eabi/15.1.0/../../../../arm-none-eabi/lib/thumb/libg.a(libc_a-init.o)
 .comment       0x00000023       0x24 /opt/devkitpro/devkitARM/bin/../lib/gcc/arm-none-eabi/15.1.0/../../../../arm-none-eabi/lib/thumb/libg.a(libc_a-realloc.o)
 .comment       0x00000023       0x24 /opt/devkitpro/devkitARM/bin/../lib/gcc/arm-none-eabi/15.1.0/../../../../arm-none-eabi/lib/thumb/libg.a(libc_a-mallocr.o)
 .comment       0x00000023       0x24 /opt/devkitpro/devkitARM/bin/../lib/gcc/arm-none-eabi/15.1.0/../../../../arm-none-eabi/lib/thumb/libg.a(libc_a-freer.o)
 .comment       0x00000023       0x24 /opt/devkitpro/devkitARM/bin/../lib/gcc/arm-none-eabi/15.1.0/../../../../arm-none-eabi/lib/thumb/libg.a(libc_a-malloc.o)
 .comment       0x00000023       0x24 /opt/devkitpro/devkitARM/bin/../lib/gcc/arm-none-eabi/15.1.0/../../../../arm-none-eabi/lib/thumb/libg.a(libc_a-memset.o)
 .comment       0x00000023       0x24 /opt/devkitpro/devkitARM/bin/../lib/gcc/arm-none-eabi/15.1.0/../../../../arm-none-eabi/lib/thumb/libg.a(libc_a-reallocr.o)
 .comment       0x00000023       0x24 /opt/devkitpro/devkitARM/bin/../lib/gcc/arm-none-eabi/15.1.0/../../../../arm-none-eabi/lib/thumb/libg.a(libc_a-mlock.o)
 .comment       0x00000023       0x24 /opt/devkitpro/devkitARM/bin/../lib/gcc/arm-none-eabi/15.1.0/../../../../arm-none-eabi/lib/thumb/libg.a(libc_a-exit.o)
 .comment       0x00000023       0x24 /opt/devkitpro/devkitARM/bin/../lib/gcc/arm-none-eabi/15.1.0/../../../../arm-none-eabi/lib/thumb/libg.a(libc_a-memmove.o)
 .comment       0x00000023       0x24 /opt/devkitpro/devkitARM/bin/../lib/gcc/arm-none-eabi/15.1.0/../../../../arm-none-eabi/lib/thumb/libg.a(libc_a-malignr.o)
 .comment       0x00000023       0x24 /opt/devkitpro/devkitARM/bin/../lib/gcc/arm-none-eabi/15.1.0/../../../../arm-none-eabi/lib/thumb/libg.a(libc_a-fini.o)
 .comment       0x00000023       0x24 /opt/devkitpro/devkitARM/bin/../lib/gcc/arm-none-eabi/15.1.0/../../../../arm-none-eabi/lib/thumb/libsysbase.a(libsysbase_libsysbase_a-_exit.o)
 .comment       0x00000023       0x24 /opt/devkitpro/devkitARM/bin/../lib/gcc/arm-none-eabi/15.1.0/../../../../arm-none-eabi/lib/thumb/libsysbase.a(libsysbase_libsysbase_a-getreent.o)
 .comment       0x00000023       0x24 /opt/devkitpro/devkitARM/bin/../lib/gcc/arm-none-eabi/15.1.0/../../../../arm-none-eabi/lib/thumb/libsysbase.a(libsysbase_libsysbase_a-malloc_vars.o)
 .comment       0x00000023       0x24 /opt/devkitpro/devkitARM/bin/../lib/gcc/arm-none-eabi/15.1.0/../../../../arm-none-eabi/lib/thumb/libsysbase.a(libsysbase_libsysbase_a-sbrk.o)
 .comment       0x00000023       0x24 /opt/devkitpro/devkitARM/bin/../lib/gcc/arm-none-eabi/15.1.0/../../../../arm-none-eabi/lib/thumb/libsysbase.a(libsysbase_libsysbase_a-syscall_support.o)
 .comment       0x00000023       0x24 /opt/devkitpro/devkitARM/bin/../lib/gcc/arm-none-eabi/15.1.0/../../../../arm-none-eabi/lib/thumb/libg.a(libc_a-impure.o)
 .comment       0x00000023       0x24 /opt/devkitpro/devkitARM/bin/../lib/gcc/arm-none-eabi/15.1.0/../../../../arm-none-eabi/lib/thumb/libg.a(libc_a-findfp.o)
 .comment       0x00000023       0x24 /opt/devkitpro/devkitARM/bin/../lib/gcc/arm-none-eabi/15.1.0/thumb/crtend.o

.gnu.build.attributes
 *(.gnu.build.attributes .gnu.build.attributes.*)

.debug
 *(.debug)

.line
 *(.line)

.debug_srcinfo
 *(.debug_srcinfo)

.debug_sfnames
 *(.debug_sfnames)

.debug_aranges  0x00000000      0x720
 *(.debug_aranges)
 .debug_aranges
                0x00000000       0x20 house.o
 .debug_aranges
                0x00000020       0x20 menu.o
 .debug_aranges
                0x00000040       0x20 template.o
 .debug_aranges
                0x00000060       0x20 units.o
 .debug_aranges
                0x00000080       0x50 /opt/devkitpro/libnds/lib/libnds9.a(keys.o)
 .debug_aranges
                0x000000d0       0x38 /opt/devkitpro/libnds/lib/libnds9.a(sprite_alloc.o)
 .debug_aranges
                0x00000108       0x60 /opt/devkitpro/libnds/lib/libnds9.a(sprite.o)
 .debug_aranges
                0x00000168       0x88 /opt/devkitpro/calico/lib/libcalico_ds9.a(thread_cold.o)
 .debug_aranges
                0x000001f0       0x50 /opt/devkitpro/calico/lib/libcalico_ds9.a(thread_hot.32.o)
 .debug_aranges
                0x00000240       0x28 /opt/devkitpro/calico/lib/libcalico_ds9.a(arm-context.32.o)
 .debug_aranges
                0x00000268       0x70 /opt/devkitpro/calico/lib/libcalico_ds9.a(arm-shims.32.o)
 .debug_aranges
                0x000002d8       0x48 /opt/devkitpro/calico/lib/libcalico_ds9.a(arm-cache.32.o)
 .debug_aranges
                0x00000320       0x20 /opt/devkitpro/calico/lib/libcalico_ds9.a(keypad.o)
 .debug_aranges
                0x00000340       0x38 /opt/devkitpro/calico/lib/libcalico_ds9.a(bootstub_arm9.o)
 .debug_aranges
                0x00000378       0x20 /opt/devkitpro/calico/lib/libcalico_ds9.a(excpt_handler.32.o)
 .debug_aranges
                0x00000398       0x20 /opt/devkitpro/calico/lib/libcalico_ds9.a(touch.o)
 .debug_aranges
                0x000003b8       0x50 /opt/devkitpro/calico/lib/libcalico_ds9.a(tick.o)
 .debug_aranges
                0x00000408       0xa8 /opt/devkitpro/calico/lib/libcalico_ds9.a(newlib_syscalls.o)
 .debug_aranges
                0x000004b0       0x28 /opt/devkitpro/calico/lib/libcalico_ds9.a(startup.crt0.o)
 .debug_aranges
                0x000004d8       0x28 /opt/devkitpro/calico/lib/libcalico_ds9.a(utils.crt0.o)
 .debug_aranges
                0x00000500       0x20 /opt/devkitpro/calico/lib/libcalico_ds9.a(irq_handler.32.o)
 .debug_aranges
                0x00000520       0x78 /opt/devkitpro/calico/lib/libcalico_ds9.a(pxi.o)
 .debug_aranges
                0x00000598       0x20 /opt/devkitpro/calico/lib/libcalico_ds9.a(mpu_setup.crt0.o)
 .debug_aranges
                0x000005b8       0x28 /opt/devkitpro/calico/lib/libcalico_ds9.a(sys_startup.o)
 .debug_aranges
                0x000005e0       0x20 /opt/devkitpro/calico/lib/libcalico_ds9.a(irq.o)
 .debug_aranges
                0x00000600       0x50 /opt/devkitpro/calico/lib/libcalico_ds9.a(mutex.o)
 .debug_aranges
                0x00000650       0x30 /opt/devkitpro/calico/lib/libcalico_ds9.a(mailbox.o)
 .debug_aranges
                0x00000680       0xa0 /opt/devkitpro/calico/lib/libcalico_ds9.a(pm.o)

.debug_pubnames
 *(.debug_pubnames)

.debug_info     0x00000000    0x11308
 *(.debug_info .gnu.linkonce.wi.*)
 .debug_info    0x00000000      0xafc house.o
 .debug_info    0x00000afc      0xb09 menu.o
 .debug_info    0x00001605      0xded template.o
 .debug_info    0x000023f2      0xaf5 units.o
 .debug_info    0x00002ee7      0x48d /opt/devkitpro/libnds/lib/libnds9.a(keys.o)
 .debug_info    0x00003374     0x1c91 /opt/devkitpro/libnds/lib/libnds9.a(sprite_alloc.o)
 .debug_info    0x00005005     0x1252 /opt/devkitpro/libnds/lib/libnds9.a(sprite.o)
 .debug_info    0x00006257     0x1e51 /opt/devkitpro/calico/lib/libcalico_ds9.a(thread_cold.o)
 .debug_info    0x000080a8     0x126f /opt/devkitpro/calico/lib/libcalico_ds9.a(thread_hot.32.o)
 .debug_info    0x00009317       0x3b /opt/devkitpro/calico/lib/libcalico_ds9.a(arm-context.32.o)
 .debug_info    0x00009352      0x385 /opt/devkitpro/calico/lib/libcalico_ds9.a(arm-shims.32.o)
 .debug_info    0x000096d7       0x67 /opt/devkitpro/calico/lib/libcalico_ds9.a(arm-cache.32.o)
 .debug_info    0x0000973e      0x1c6 /opt/devkitpro/calico/lib/libcalico_ds9.a(keypad.o)
 .debug_info    0x00009904       0x3e /opt/devkitpro/calico/lib/libcalico_ds9.a(bootstub_arm9.o)
 .debug_info    0x00009942       0x5d /opt/devkitpro/calico/lib/libcalico_ds9.a(excpt_handler.32.o)
 .debug_info    0x0000999f      0x26f /opt/devkitpro/calico/lib/libcalico_ds9.a(touch.o)
 .debug_info    0x00009c0e      0xc64 /opt/devkitpro/calico/lib/libcalico_ds9.a(tick.o)
 .debug_info    0x0000a872     0x161d /opt/devkitpro/calico/lib/libcalico_ds9.a(newlib_syscalls.o)
 .debug_info    0x0000be8f      0x4e1 /opt/devkitpro/calico/lib/libcalico_ds9.a(startup.crt0.o)
 .debug_info    0x0000c370       0x3b /opt/devkitpro/calico/lib/libcalico_ds9.a(utils.crt0.o)
 .debug_info    0x0000c3ab       0x33 /opt/devkitpro/calico/lib/libcalico_ds9.a(irq_handler.32.o)
 .debug_info    0x0000c3de     0x13cf /opt/devkitpro/calico/lib/libcalico_ds9.a(pxi.o)
 .debug_info    0x0000d7ad       0x33 /opt/devkitpro/calico/lib/libcalico_ds9.a(mpu_setup.crt0.o)
 .debug_info    0x0000d7e0      0x4fc /opt/devkitpro/calico/lib/libcalico_ds9.a(sys_startup.o)
 .debug_info    0x0000dcdc      0x28e /opt/devkitpro/calico/lib/libcalico_ds9.a(irq.o)
 .debug_info    0x0000df6a     0x1070 /opt/devkitpro/calico/lib/libcalico_ds9.a(mutex.o)
 .debug_info    0x0000efda      0x80d /opt/devkitpro/calico/lib/libcalico_ds9.a(mailbox.o)
 .debug_info    0x0000f7e7     0x1b21 /opt/devkitpro/calico/lib/libcalico_ds9.a(pm.o)

.debug_abbrev   0x00000000     0x457f
 *(.debug_abbrev)
 .debug_abbrev  0x00000000      0x38d house.o
 .debug_abbrev  0x0000038d      0x390 menu.o
 .debug_abbrev  0x0000071d      0x419 template.o
 .debug_abbrev  0x00000b36      0x382 units.o
 .debug_abbrev  0x00000eb8      0x273 /opt/devkitpro/libnds/lib/libnds9.a(keys.o)
 .debug_abbrev  0x0000112b      0x3bc /opt/devkitpro/libnds/lib/libnds9.a(sprite_alloc.o)
 .debug_abbrev  0x000014e7      0x444 /opt/devkitpro/libnds/lib/libnds9.a(sprite.o)
 .debug_abbrev  0x0000192b      0x592 /opt/devkitpro/calico/lib/libcalico_ds9.a(thread_cold.o)
 .debug_abbrev  0x00001ebd      0x36d /opt/devkitpro/calico/lib/libcalico_ds9.a(thread_hot.32.o)
 .debug_abbrev  0x0000222a       0x26 /opt/devkitpro/calico/lib/libcalico_ds9.a(arm-context.32.o)
 .debug_abbrev  0x00002250      0x1c3 /opt/devkitpro/calico/lib/libcalico_ds9.a(arm-shims.32.o)
 .debug_abbrev  0x00002413       0x26 /opt/devkitpro/calico/lib/libcalico_ds9.a(arm-cache.32.o)
 .debug_abbrev  0x00002439       0xd0 /opt/devkitpro/calico/lib/libcalico_ds9.a(keypad.o)
 .debug_abbrev  0x00002509       0x26 /opt/devkitpro/calico/lib/libcalico_ds9.a(bootstub_arm9.o)
 .debug_abbrev  0x0000252f       0x26 /opt/devkitpro/calico/lib/libcalico_ds9.a(excpt_handler.32.o)
 .debug_abbrev  0x00002555      0x11a /opt/devkitpro/calico/lib/libcalico_ds9.a(touch.o)
 .debug_abbrev  0x0000266f      0x329 /opt/devkitpro/calico/lib/libcalico_ds9.a(tick.o)
 .debug_abbrev  0x00002998      0x4a2 /opt/devkitpro/calico/lib/libcalico_ds9.a(newlib_syscalls.o)
 .debug_abbrev  0x00002e3a      0x1d6 /opt/devkitpro/calico/lib/libcalico_ds9.a(startup.crt0.o)
 .debug_abbrev  0x00003010       0x26 /opt/devkitpro/calico/lib/libcalico_ds9.a(utils.crt0.o)
 .debug_abbrev  0x00003036       0x28 /opt/devkitpro/calico/lib/libcalico_ds9.a(irq_handler.32.o)
 .debug_abbrev  0x0000305e      0x446 /opt/devkitpro/calico/lib/libcalico_ds9.a(pxi.o)
 .debug_abbrev  0x000034a4       0x28 /opt/devkitpro/calico/lib/libcalico_ds9.a(mpu_setup.crt0.o)
 .debug_abbrev  0x000034cc      0x1e7 /opt/devkitpro/calico/lib/libcalico_ds9.a(sys_startup.o)
 .debug_abbrev  0x000036b3      0x1c1 /opt/devkitpro/calico/lib/libcalico_ds9.a(irq.o)
 .debug_abbrev  0x00003874      0x3c9 /opt/devkitpro/calico/lib/libcalico_ds9.a(mutex.o)
 .debug_abbrev  0x00003c3d      0x2af /opt/devkitpro/calico/lib/libcalico_ds9.a(mailbox.o)
 .debug_abbrev  0x00003eec      0x693 /opt/devkitpro/calico/lib/libcalico_ds9.a(pm.o)

.debug_line     0x00000000     0xa882
 *(.debug_line .debug_line.* .debug_line_end)
 .debug_line    0x00000000      0x390 house.o
 .debug_line    0x00000390      0x3bb menu.o
 .debug_line    0x0000074b      0x4d2 template.o
 .debug_line    0x00000c1d      0x3a0 units.o
 .debug_line    0x00000fbd      0x457 /opt/devkitpro/libnds/lib/libnds9.a(keys.o)
 .debug_line    0x00001414     0x1c8f /opt/devkitpro/libnds/lib/libnds9.a(sprite_alloc.o)
 .debug_line    0x000030a3      0x9a1 /opt/devkitpro/libnds/lib/libnds9.a(sprite.o)
 .debug_line    0x00003a44      0xeab /opt/devkitpro/calico/lib/libcalico_ds9.a(thread_cold.o)
 .debug_line    0x000048ef     0x1058 /opt/devkitpro/calico/lib/libcalico_ds9.a(thread_hot.32.o)
 .debug_line    0x00005947       0x69 /opt/devkitpro/calico/lib/libcalico_ds9.a(arm-context.32.o)
 .debug_line    0x000059b0      0x2aa /opt/devkitpro/calico/lib/libcalico_ds9.a(arm-shims.32.o)
 .debug_line    0x00005c5a       0xb2 /opt/devkitpro/calico/lib/libcalico_ds9.a(arm-cache.32.o)
 .debug_line    0x00005d0c      0x16f /opt/devkitpro/calico/lib/libcalico_ds9.a(keypad.o)
 .debug_line    0x00005e7b      0x108 /opt/devkitpro/calico/lib/libcalico_ds9.a(bootstub_arm9.o)
 .debug_line    0x00005f83       0x66 /opt/devkitpro/calico/lib/libcalico_ds9.a(excpt_handler.32.o)
 .debug_line    0x00005fe9      0x19d /opt/devkitpro/calico/lib/libcalico_ds9.a(touch.o)
 .debug_line    0x00006186      0xa69 /opt/devkitpro/calico/lib/libcalico_ds9.a(tick.o)
 .debug_line    0x00006bef      0x765 /opt/devkitpro/calico/lib/libcalico_ds9.a(newlib_syscalls.o)
 .debug_line    0x00007354      0x3bd /opt/devkitpro/calico/lib/libcalico_ds9.a(startup.crt0.o)
 .debug_line    0x00007711       0x7d /opt/devkitpro/calico/lib/libcalico_ds9.a(utils.crt0.o)
 .debug_line    0x0000778e       0x92 /opt/devkitpro/calico/lib/libcalico_ds9.a(irq_handler.32.o)
 .debug_line    0x00007820      0x983 /opt/devkitpro/calico/lib/libcalico_ds9.a(pxi.o)
 .debug_line    0x000081a3       0x6e /opt/devkitpro/calico/lib/libcalico_ds9.a(mpu_setup.crt0.o)
 .debug_line    0x00008211      0x46b /opt/devkitpro/calico/lib/libcalico_ds9.a(sys_startup.o)
 .debug_line    0x0000867c      0x26e /opt/devkitpro/calico/lib/libcalico_ds9.a(irq.o)
 .debug_line    0x000088ea      0xcc4 /opt/devkitpro/calico/lib/libcalico_ds9.a(mutex.o)
 .debug_line    0x000095ae      0x4e3 /opt/devkitpro/calico/lib/libcalico_ds9.a(mailbox.o)
 .debug_line    0x00009a91      0xdf1 /opt/devkitpro/calico/lib/libcalico_ds9.a(pm.o)

.debug_frame    0x00000000      0xfdc
 *(.debug_frame)
 .debug_frame   0x00000000       0x5c house.o
 .debug_frame   0x0000005c       0x64 menu.o
 .debug_frame   0x000000c0       0x30 template.o
 .debug_frame   0x000000f0       0x48 units.o
 .debug_frame   0x00000138       0x98 /opt/devkitpro/libnds/lib/libnds9.a(keys.o)
 .debug_frame   0x000001d0       0xa0 /opt/devkitpro/libnds/lib/libnds9.a(sprite_alloc.o)
 .debug_frame   0x00000270       0xf0 /opt/devkitpro/libnds/lib/libnds9.a(sprite.o)
 .debug_frame   0x00000360      0x194 /opt/devkitpro/calico/lib/libcalico_ds9.a(thread_cold.o)
 .debug_frame   0x000004f4      0x10c /opt/devkitpro/calico/lib/libcalico_ds9.a(thread_hot.32.o)
 .debug_frame   0x00000600       0x30 /opt/devkitpro/calico/lib/libcalico_ds9.a(arm-context.32.o)
 .debug_frame   0x00000630       0xc0 /opt/devkitpro/calico/lib/libcalico_ds9.a(arm-shims.32.o)
 .debug_frame   0x000006f0       0x70 /opt/devkitpro/calico/lib/libcalico_ds9.a(arm-cache.32.o)
 .debug_frame   0x00000760       0x20 /opt/devkitpro/calico/lib/libcalico_ds9.a(keypad.o)
 .debug_frame   0x00000780       0x30 /opt/devkitpro/calico/lib/libcalico_ds9.a(bootstub_arm9.o)
 .debug_frame   0x000007b0       0x28 /opt/devkitpro/calico/lib/libcalico_ds9.a(touch.o)
 .debug_frame   0x000007d8       0xf0 /opt/devkitpro/calico/lib/libcalico_ds9.a(tick.o)
 .debug_frame   0x000008c8      0x1a4 /opt/devkitpro/calico/lib/libcalico_ds9.a(newlib_syscalls.o)
 .debug_frame   0x00000a6c       0x58 /opt/devkitpro/calico/lib/libcalico_ds9.a(startup.crt0.o)
 .debug_frame   0x00000ac4       0x30 /opt/devkitpro/calico/lib/libcalico_ds9.a(utils.crt0.o)
 .debug_frame   0x00000af4       0x20 /opt/devkitpro/calico/lib/libcalico_ds9.a(irq_handler.32.o)
 .debug_frame   0x00000b14      0x15c /opt/devkitpro/calico/lib/libcalico_ds9.a(pxi.o)
 .debug_frame   0x00000c70       0x20 /opt/devkitpro/calico/lib/libcalico_ds9.a(mpu_setup.crt0.o)
 .debug_frame   0x00000c90       0x38 /opt/devkitpro/calico/lib/libcalico_ds9.a(sys_startup.o)
 .debug_frame   0x00000cc8       0x28 /opt/devkitpro/calico/lib/libcalico_ds9.a(irq.o)
 .debug_frame   0x00000cf0       0xf8 /opt/devkitpro/calico/lib/libcalico_ds9.a(mutex.o)
 .debug_frame   0x00000de8       0x64 /opt/devkitpro/calico/lib/libcalico_ds9.a(mailbox.o)
 .debug_frame   0x00000e4c      0x190 /opt/devkitpro/calico/lib/libcalico_ds9.a(pm.o)

.debug_str      0x00000000     0x313f
 *(.debug_str)
 .debug_str     0x00000000     0x313f house.o
                                0x881 (size before relaxing)
 .debug_str     0x0000313f      0x874 menu.o
 .debug_str     0x0000313f      0xa20 template.o
 .debug_str     0x0000313f      0x8ae units.o
 .debug_str     0x0000313f      0x2eb /opt/devkitpro/libnds/lib/libnds9.a(keys.o)
 .debug_str     0x0000313f      0x7a3 /opt/devkitpro/libnds/lib/libnds9.a(sprite_alloc.o)
 .debug_str     0x0000313f      0x98d /opt/devkitpro/libnds/lib/libnds9.a(sprite.o)
 .debug_str     0x0000313f      0x9e0 /opt/devkitpro/calico/lib/libcalico_ds9.a(thread_cold.o)
 .debug_str     0x0000313f      0x4c8 /opt/devkitpro/calico/lib/libcalico_ds9.a(thread_hot.32.o)
 .debug_str     0x0000313f       0xac /opt/devkitpro/calico/lib/libcalico_ds9.a(arm-context.32.o)
 .debug_str     0x0000313f      0x245 /opt/devkitpro/calico/lib/libcalico_ds9.a(arm-shims.32.o)
 .debug_str     0x0000313f      0x100 /opt/devkitpro/calico/lib/libcalico_ds9.a(arm-cache.32.o)
 .debug_str     0x0000313f      0x25f /opt/devkitpro/calico/lib/libcalico_ds9.a(keypad.o)
 .debug_str     0x0000313f       0xbb /opt/devkitpro/calico/lib/libcalico_ds9.a(bootstub_arm9.o)
 .debug_str     0x0000313f       0xe5 /opt/devkitpro/calico/lib/libcalico_ds9.a(excpt_handler.32.o)
 .debug_str     0x0000313f      0x282 /opt/devkitpro/calico/lib/libcalico_ds9.a(touch.o)
 .debug_str     0x0000313f      0x375 /opt/devkitpro/calico/lib/libcalico_ds9.a(tick.o)
 .debug_str     0x0000313f      0xb64 /opt/devkitpro/calico/lib/libcalico_ds9.a(newlib_syscalls.o)
 .debug_str     0x0000313f      0x35d /opt/devkitpro/calico/lib/libcalico_ds9.a(startup.crt0.o)
 .debug_str     0x0000313f       0xb3 /opt/devkitpro/calico/lib/libcalico_ds9.a(utils.crt0.o)
 .debug_str     0x0000313f       0x9e /opt/devkitpro/calico/lib/libcalico_ds9.a(irq_handler.32.o)
 .debug_str     0x0000313f      0x960 /opt/devkitpro/calico/lib/libcalico_ds9.a(pxi.o)
 .debug_str     0x0000313f       0xa0 /opt/devkitpro/calico/lib/libcalico_ds9.a(mpu_setup.crt0.o)
 .debug_str     0x0000313f      0x37a /opt/devkitpro/calico/lib/libcalico_ds9.a(sys_startup.o)
 .debug_str     0x0000313f      0x20a /opt/devkitpro/calico/lib/libcalico_ds9.a(irq.o)
 .debug_str     0x0000313f      0x509 /opt/devkitpro/calico/lib/libcalico_ds9.a(mutex.o)
 .debug_str     0x0000313f      0x37b /opt/devkitpro/calico/lib/libcalico_ds9.a(mailbox.o)
 .debug_str     0x0000313f      0xd3c /opt/devkitpro/calico/lib/libcalico_ds9.a(pm.o)

.debug_loc
 *(.debug_loc)

.debug_macinfo
 *(.debug_macinfo)

.debug_weaknames
 *(.debug_weaknames)

.debug_funcnames
 *(.debug_funcnames)

.debug_typenames
 *(.debug_typenames)

.debug_varnames
 *(.debug_varnames)

.debug_pubtypes
 *(.debug_pubtypes)

.debug_ranges
 *(.debug_ranges)

.debug_macro
 *(.debug_macro)

.debug_addr
 *(.debug_addr)

.ARM.attributes
                0x00000000       0x27
 *(.ARM.attributes)
 .ARM.attributes
                0x00000000       0x1c /opt/devkitpro/devkitARM/bin/../lib/gcc/arm-none-eabi/15.1.0/thumb/crti.o
 .ARM.attributes
                0x0000001c       0x2a /opt/devkitpro/devkitARM/bin/../lib/gcc/arm-none-eabi/15.1.0/thumb/crtbegin.o
 .ARM.attributes
                0x00000046       0x1a spritesheet.o
 .ARM.attributes
                0x00000060       0x27 house.o
 .ARM.attributes
                0x00000087       0x27 menu.o
 .ARM.attributes
                0x000000ae       0x27 template.o
 .ARM.attributes
                0x000000d5       0x27 units.o
 .ARM.attributes
                0x000000fc       0x2b /opt/devkitpro/libnds/lib/libnds9.a(keys.o)
 .ARM.attributes
                0x00000127       0x2b /opt/devkitpro/libnds/lib/libnds9.a(sprite_alloc.o)
 .ARM.attributes
                0x00000152       0x2b /opt/devkitpro/libnds/lib/libnds9.a(sprite.o)
 .ARM.attributes
                0x0000017d       0x2b /opt/devkitpro/libnds/lib/libnds9.a(trig.o)
 .ARM.attributes
                0x000001a8       0x2b /opt/devkitpro/calico/lib/libcalico_ds9.a(thread_cold.o)
 .ARM.attributes
                0x000001d3       0x2b /opt/devkitpro/calico/lib/libcalico_ds9.a(thread_hot.32.o)
 .ARM.attributes
                0x000001fe       0x1b /opt/devkitpro/calico/lib/libcalico_ds9.a(arm-copy-fill.32.o)
 .ARM.attributes
                0x00000219       0x1b /opt/devkitpro/calico/lib/libcalico_ds9.a(arm-context.32.o)
 .ARM.attributes
                0x00000234       0x2b /opt/devkitpro/calico/lib/libcalico_ds9.a(arm-shims.32.o)
 .ARM.attributes
                0x0000025f       0x1b /opt/devkitpro/calico/lib/libcalico_ds9.a(arm-cache.32.o)
 .ARM.attributes
                0x0000027a       0x2b /opt/devkitpro/calico/lib/libcalico_ds9.a(keypad.o)
 .ARM.attributes
                0x000002a5       0x1b /opt/devkitpro/calico/lib/libcalico_ds9.a(bootstub_arm9.o)
 .ARM.attributes
                0x000002c0       0x1b /opt/devkitpro/calico/lib/libcalico_ds9.a(excpt_handler.32.o)
 .ARM.attributes
                0x000002db       0x2b /opt/devkitpro/calico/lib/libcalico_ds9.a(touch.o)
 .ARM.attributes
                0x00000306       0x2b /opt/devkitpro/calico/lib/libcalico_ds9.a(tick.o)
 .ARM.attributes
                0x00000331       0x2b /opt/devkitpro/calico/lib/libcalico_ds9.a(newlib_syscalls.o)
 .ARM.attributes
                0x0000035c       0x2b /opt/devkitpro/calico/lib/libcalico_ds9.a(startup.crt0.o)
 .ARM.attributes
                0x00000387       0x1b /opt/devkitpro/calico/lib/libcalico_ds9.a(utils.crt0.o)
 .ARM.attributes
                0x000003a2       0x1b /opt/devkitpro/calico/lib/libcalico_ds9.a(irq_handler.32.o)
 .ARM.attributes
                0x000003bd       0x2b /opt/devkitpro/calico/lib/libcalico_ds9.a(pxi.o)
 .ARM.attributes
                0x000003e8       0x1b /opt/devkitpro/calico/lib/libcalico_ds9.a(mpu_setup.crt0.o)
 .ARM.attributes
                0x00000403       0x2b /opt/devkitpro/calico/lib/libcalico_ds9.a(sys_startup.o)
 .ARM.attributes
                0x0000042e       0x2b /opt/devkitpro/calico/lib/libcalico_ds9.a(irq.o)
 .ARM.attributes
                0x00000459       0x2b /opt/devkitpro/calico/lib/libcalico_ds9.a(mutex.o)
 .ARM.attributes
                0x00000484       0x2b /opt/devkitpro/calico/lib/libcalico_ds9.a(mailbox.o)
 .ARM.attributes
                0x000004af       0x2b /opt/devkitpro/calico/lib/libcalico_ds9.a(pm.o)
 .ARM.attributes
                0x000004da       0x1c /opt/devkitpro/devkitARM/bin/../lib/gcc/arm-none-eabi/15.1.0/thumb/libgcc.a(_aeabi_uldivmod.o)
 .ARM.attributes
                0x000004f6       0x1c /opt/devkitpro/devkitARM/bin/../lib/gcc/arm-none-eabi/15.1.0/thumb/libgcc.a(_sync_none.o)
 .ARM.attributes
                0x00000512       0x2a /opt/devkitpro/devkitARM/bin/../lib/gcc/arm-none-eabi/15.1.0/thumb/libgcc.a(_udivmoddi4.o)
 .ARM.attributes
                0x0000053c       0x1c /opt/devkitpro/devkitARM/bin/../lib/gcc/arm-none-eabi/15.1.0/thumb/libgcc.a(_dvmd_tls.o)
 .ARM.attributes
                0x00000558       0x1c /opt/devkitpro/devkitARM/bin/../lib/gcc/arm-none-eabi/15.1.0/thumb/libgcc.a(_clzdi2.o)
 .ARM.attributes
                0x00000574       0x1c /opt/devkitpro/devkitARM/bin/../lib/gcc/arm-none-eabi/15.1.0/thumb/libgcc.a(_clzsi2.o)
 .ARM.attributes
                0x00000590       0x2a /opt/devkitpro/devkitARM/bin/../lib/gcc/arm-none-eabi/15.1.0/../../../../arm-none-eabi/lib/thumb/libg.a(libc_a-init.o)
 .ARM.attributes
                0x000005ba       0x2a /opt/devkitpro/devkitARM/bin/../lib/gcc/arm-none-eabi/15.1.0/../../../../arm-none-eabi/lib/thumb/libg.a(libc_a-bsearch.o)
 .ARM.attributes
                0x000005e4       0x2a /opt/devkitpro/devkitARM/bin/../lib/gcc/arm-none-eabi/15.1.0/../../../../arm-none-eabi/lib/thumb/libg.a(libc_a-realloc.o)
 .ARM.attributes
                0x0000060e       0x2a /opt/devkitpro/devkitARM/bin/../lib/gcc/arm-none-eabi/15.1.0/../../../../arm-none-eabi/lib/thumb/libg.a(libc_a-mallocr.o)
 .ARM.attributes
                0x00000638       0x2a /opt/devkitpro/devkitARM/bin/../lib/gcc/arm-none-eabi/15.1.0/../../../../arm-none-eabi/lib/thumb/libg.a(libc_a-freer.o)
 .ARM.attributes
                0x00000662       0x2a /opt/devkitpro/devkitARM/bin/../lib/gcc/arm-none-eabi/15.1.0/../../../../arm-none-eabi/lib/thumb/libg.a(libc_a-malloc.o)
 .ARM.attributes
                0x0000068c       0x2a /opt/devkitpro/devkitARM/bin/../lib/gcc/arm-none-eabi/15.1.0/../../../../arm-none-eabi/lib/thumb/libg.a(libc_a-memset.o)
 .ARM.attributes
                0x000006b6       0x2a /opt/devkitpro/devkitARM/bin/../lib/gcc/arm-none-eabi/15.1.0/../../../../arm-none-eabi/lib/thumb/libg.a(libc_a-reallocr.o)
 .ARM.attributes
                0x000006e0       0x2a /opt/devkitpro/devkitARM/bin/../lib/gcc/arm-none-eabi/15.1.0/../../../../arm-none-eabi/lib/thumb/libg.a(libc_a-mlock.o)
 .ARM.attributes
                0x0000070a       0x2a /opt/devkitpro/devkitARM/bin/../lib/gcc/arm-none-eabi/15.1.0/../../../../arm-none-eabi/lib/thumb/libg.a(libc_a-exit.o)
 .ARM.attributes
                0x00000734       0x2a /opt/devkitpro/devkitARM/bin/../lib/gcc/arm-none-eabi/15.1.0/../../../../arm-none-eabi/lib/thumb/libg.a(libc_a-memmove.o)
 .ARM.attributes
                0x0000075e       0x2a /opt/devkitpro/devkitARM/bin/../lib/gcc/arm-none-eabi/15.1.0/../../../../arm-none-eabi/lib/thumb/libg.a(libc_a-malignr.o)
 .ARM.attributes
                0x00000788       0x2a /opt/devkitpro/devkitARM/bin/../lib/gcc/arm-none-eabi/15.1.0/../../../../arm-none-eabi/lib/thumb/libg.a(libc_a-fini.o)
 .ARM.attributes
                0x000007b2       0x2a /opt/devkitpro/devkitARM/bin/../lib/gcc/arm-none-eabi/15.1.0/../../../../arm-none-eabi/lib/thumb/libsysbase.a(libsysbase_libsysbase_a-_exit.o)
 .ARM.attributes
                0x000007dc       0x2a /opt/devkitpro/devkitARM/bin/../lib/gcc/arm-none-eabi/15.1.0/../../../../arm-none-eabi/lib/thumb/libsysbase.a(libsysbase_libsysbase_a-getreent.o)
 .ARM.attributes
                0x00000806       0x2a /opt/devkitpro/devkitARM/bin/../lib/gcc/arm-none-eabi/15.1.0/../../../../arm-none-eabi/lib/thumb/libsysbase.a(libsysbase_libsysbase_a-malloc_vars.o)
 .ARM.attributes
                0x00000830       0x2a /opt/devkitpro/devkitARM/bin/../lib/gcc/arm-none-eabi/15.1.0/../../../../arm-none-eabi/lib/thumb/libsysbase.a(libsysbase_libsysbase_a-sbrk.o)
 .ARM.attributes
                0x0000085a       0x2a /opt/devkitpro/devkitARM/bin/../lib/gcc/arm-none-eabi/15.1.0/../../../../arm-none-eabi/lib/thumb/libsysbase.a(libsysbase_libsysbase_a-syscall_support.o)
 .ARM.attributes
                0x00000884       0x2a /opt/devkitpro/devkitARM/bin/../lib/gcc/arm-none-eabi/15.1.0/../../../../arm-none-eabi/lib/thumb/libsysbase.a(libsysbase_libsysbase_a-clocks.o)
 .ARM.attributes
                0x000008ae       0x1c /opt/devkitpro/devkitARM/bin/../lib/gcc/arm-none-eabi/15.1.0/thumb/libgcc.a(_udivsi3.o)
 .ARM.attributes
                0x000008ca       0x1c /opt/devkitpro/devkitARM/bin/../lib/gcc/arm-none-eabi/15.1.0/thumb/libgcc.a(_divsi3.o)
 .ARM.attributes
                0x000008e6       0x2a /opt/devkitpro/devkitARM/bin/../lib/gcc/arm-none-eabi/15.1.0/thumb/libgcc.a(_muldi3.o)
 .ARM.attributes
                0x00000910       0x2a /opt/devkitpro/devkitARM/bin/../lib/gcc/arm-none-eabi/15.1.0/../../../../arm-none-eabi/lib/thumb/libg.a(libc_a-impure.o)
 .ARM.attributes
                0x0000093a       0x2a /opt/devkitpro/devkitARM/bin/../lib/gcc/arm-none-eabi/15.1.0/../../../../arm-none-eabi/lib/thumb/libg.a(libc_a-findfp.o)
 .ARM.attributes
                0x00000964       0x2a /opt/devkitpro/devkitARM/bin/../lib/gcc/arm-none-eabi/15.1.0/../../../../arm-none-eabi/lib/thumb/libg.a(libc_a-fwalk.o)
 .ARM.attributes
                0x0000098e       0x2a /opt/devkitpro/devkitARM/bin/../lib/gcc/arm-none-eabi/15.1.0/../../../../arm-none-eabi/lib/thumb/libg.a(libc_a-stdio.o)
 .ARM.attributes
                0x000009b8       0x2a /opt/devkitpro/devkitARM/bin/../lib/gcc/arm-none-eabi/15.1.0/../../../../arm-none-eabi/lib/thumb/libg.a(libc_a-fclose.o)
 .ARM.attributes
                0x000009e2       0x2a /opt/devkitpro/devkitARM/bin/../lib/gcc/arm-none-eabi/15.1.0/../../../../arm-none-eabi/lib/thumb/libg.a(libc_a-fflush.o)
 .ARM.attributes
                0x00000a0c       0x2a /opt/devkitpro/devkitARM/bin/../lib/gcc/arm-none-eabi/15.1.0/../../../../arm-none-eabi/lib/thumb/libsysbase.a(libsysbase_libsysbase_a-handle_manager.o)
 .ARM.attributes
                0x00000a36       0x2a /opt/devkitpro/devkitARM/bin/../lib/gcc/arm-none-eabi/15.1.0/../../../../arm-none-eabi/lib/thumb/libsysbase.a(libsysbase_libsysbase_a-iosupport.o)
 .ARM.attributes
                0x00000a60       0x2a /opt/devkitpro/devkitARM/bin/../lib/gcc/arm-none-eabi/15.1.0/../../../../arm-none-eabi/lib/thumb/libsysbase.a(libsysbase_libsysbase_a-lseek.o)
 .ARM.attributes
                0x00000a8a       0x2a /opt/devkitpro/devkitARM/bin/../lib/gcc/arm-none-eabi/15.1.0/../../../../arm-none-eabi/lib/thumb/libsysbase.a(libsysbase_libsysbase_a-read.o)
 .ARM.attributes
                0x00000ab4       0x2a /opt/devkitpro/devkitARM/bin/../lib/gcc/arm-none-eabi/15.1.0/../../../../arm-none-eabi/lib/thumb/libsysbase.a(libsysbase_libsysbase_a-write.o)
 .ARM.attributes
                0x00000ade       0x2a /opt/devkitpro/devkitARM/bin/../lib/gcc/arm-none-eabi/15.1.0/../../../../arm-none-eabi/lib/thumb/libg.a(libc_a-strncmp.o)
 .ARM.attributes
                0x00000b08       0x2a /opt/devkitpro/devkitARM/bin/../lib/gcc/arm-none-eabi/15.1.0/../../../../arm-none-eabi/lib/thumb/libg.a(libc_a-strchr.o)
 .ARM.attributes
                0x00000b32       0x2a /opt/devkitpro/devkitARM/bin/../lib/gcc/arm-none-eabi/15.1.0/../../../../arm-none-eabi/lib/thumb/libg.a(libc_a-strlen.o)
 .ARM.attributes
                0x00000b5c       0x2a /opt/devkitpro/devkitARM/bin/../lib/gcc/arm-none-eabi/15.1.0/../../../../arm-none-eabi/lib/thumb/libg.a(libc_a-ctype_.o)
 .ARM.attributes
                0x00000b86       0x1a /opt/devkitpro/devkitARM/bin/../lib/gcc/arm-none-eabi/15.1.0/../../../../arm-none-eabi/lib/thumb/libg.a(libc_a-strcmp.o)
 .ARM.attributes
                0x00000ba0       0x2a /opt/devkitpro/devkitARM/bin/../lib/gcc/arm-none-eabi/15.1.0/thumb/crtend.o
 .ARM.attributes
                0x00000bca       0x1c /opt/devkitpro/devkitARM/bin/../lib/gcc/arm-none-eabi/15.1.0/thumb/crtn.o
 *(.gnu.attributes)

.note.gnu.arm.ident
 *(.note.gnu.arm.ident)

/DISCARD/
 *(.note.GNU-stack)
 *(.gnu_debuglink)
 *(.gnu.lto_*)
 *(.stack)
OUTPUT(/home/chickpea/Documents/DS/NDS-Homebrew-Development-master/examples/Basic-RTS/PART_1/PART_1.elf elf32-littlearm)
LOAD linker stubs

.debug_loclists
                0x00000000     0x633b
 .debug_loclists
                0x00000000      0x13f house.o
 .debug_loclists
                0x0000013f      0x171 menu.o
 .debug_loclists
                0x000002b0       0xf7 template.o
 .debug_loclists
                0x000003a7      0x1a3 units.o
 .debug_loclists
                0x0000054a       0xa4 /opt/devkitpro/libnds/lib/libnds9.a(keys.o)
 .debug_loclists
                0x000005ee     0x1427 /opt/devkitpro/libnds/lib/libnds9.a(sprite_alloc.o)
 .debug_loclists
                0x00001a15      0x897 /opt/devkitpro/libnds/lib/libnds9.a(sprite.o)
 .debug_loclists
                0x000022ac      0xa81 /opt/devkitpro/calico/lib/libcalico_ds9.a(thread_cold.o)
 .debug_loclists
                0x00002d2d     0x1014 /opt/devkitpro/calico/lib/libcalico_ds9.a(thread_hot.32.o)
 .debug_loclists
                0x00003d41       0xd8 /opt/devkitpro/calico/lib/libcalico_ds9.a(arm-shims.32.o)
 .debug_loclists
                0x00003e19       0xac /opt/devkitpro/calico/lib/libcalico_ds9.a(touch.o)
 .debug_loclists
                0x00003ec5      0x53d /opt/devkitpro/calico/lib/libcalico_ds9.a(tick.o)
 .debug_loclists
                0x00004402      0x472 /opt/devkitpro/calico/lib/libcalico_ds9.a(newlib_syscalls.o)
 .debug_loclists
                0x00004874      0x10d /opt/devkitpro/calico/lib/libcalico_ds9.a(startup.crt0.o)
 .debug_loclists
                0x00004981      0x735 /opt/devkitpro/calico/lib/libcalico_ds9.a(pxi.o)
 .debug_loclists
                0x000050b6       0xea /opt/devkitpro/calico/lib/libcalico_ds9.a(sys_startup.o)
 .debug_loclists
                0x000051a0       0xb0 /opt/devkitpro/calico/lib/libcalico_ds9.a(irq.o)
 .debug_loclists
                0x00005250      0x936 /opt/devkitpro/calico/lib/libcalico_ds9.a(mutex.o)
 .debug_loclists
                0x00005b86      0x31c /opt/devkitpro/calico/lib/libcalico_ds9.a(mailbox.o)
 .debug_loclists
                0x00005ea2      0x499 /opt/devkitpro/calico/lib/libcalico_ds9.a(pm.o)

.debug_rnglists
                0x00000000     0x1a93
 .debug_rnglists
                0x00000000       0x20 house.o
 .debug_rnglists
                0x00000020       0x7a menu.o
 .debug_rnglists
                0x0000009a       0x3f template.o
 .debug_rnglists
                0x000000d9       0x1b units.o
 .debug_rnglists
                0x000000f4       0x67 /opt/devkitpro/libnds/lib/libnds9.a(keys.o)
 .debug_rnglists
                0x0000015b      0x7b1 /opt/devkitpro/libnds/lib/libnds9.a(sprite_alloc.o)
 .debug_rnglists
                0x0000090c       0xba /opt/devkitpro/libnds/lib/libnds9.a(sprite.o)
 .debug_rnglists
                0x000009c6      0x2db /opt/devkitpro/calico/lib/libcalico_ds9.a(thread_cold.o)
 .debug_rnglists
                0x00000ca1      0x339 /opt/devkitpro/calico/lib/libcalico_ds9.a(thread_hot.32.o)
 .debug_rnglists
                0x00000fda       0x19 /opt/devkitpro/calico/lib/libcalico_ds9.a(arm-context.32.o)
 .debug_rnglists
                0x00000ff3       0x67 /opt/devkitpro/calico/lib/libcalico_ds9.a(arm-shims.32.o)
 .debug_rnglists
                0x0000105a       0x31 /opt/devkitpro/calico/lib/libcalico_ds9.a(arm-cache.32.o)
 .debug_rnglists
                0x0000108b       0x22 /opt/devkitpro/calico/lib/libcalico_ds9.a(keypad.o)
 .debug_rnglists
                0x000010ad       0x26 /opt/devkitpro/calico/lib/libcalico_ds9.a(bootstub_arm9.o)
 .debug_rnglists
                0x000010d3       0x1f /opt/devkitpro/calico/lib/libcalico_ds9.a(touch.o)
 .debug_rnglists
                0x000010f2      0x1ae /opt/devkitpro/calico/lib/libcalico_ds9.a(tick.o)
 .debug_rnglists
                0x000012a0       0xe9 /opt/devkitpro/calico/lib/libcalico_ds9.a(newlib_syscalls.o)
 .debug_rnglists
                0x00001389       0x41 /opt/devkitpro/calico/lib/libcalico_ds9.a(startup.crt0.o)
 .debug_rnglists
                0x000013ca       0x19 /opt/devkitpro/calico/lib/libcalico_ds9.a(utils.crt0.o)
 .debug_rnglists
                0x000013e3      0x1a6 /opt/devkitpro/calico/lib/libcalico_ds9.a(pxi.o)
 .debug_rnglists
                0x00001589       0x59 /opt/devkitpro/calico/lib/libcalico_ds9.a(sys_startup.o)
 .debug_rnglists
                0x000015e2       0x3a /opt/devkitpro/calico/lib/libcalico_ds9.a(irq.o)
 .debug_rnglists
                0x0000161c      0x220 /opt/devkitpro/calico/lib/libcalico_ds9.a(mutex.o)
 .debug_rnglists
                0x0000183c       0xc4 /opt/devkitpro/calico/lib/libcalico_ds9.a(mailbox.o)
 .debug_rnglists
                0x00001900      0x193 /opt/devkitpro/calico/lib/libcalico_ds9.a(pm.o)

.debug_line_str
                0x00000000      0x128
 .debug_line_str
                0x00000000      0x128 /opt/devkitpro/calico/lib/libcalico_ds9.a(arm-context.32.o)
                                 0x82 (size before relaxing)
 .debug_line_str
                0x00000128       0x80 /opt/devkitpro/calico/lib/libcalico_ds9.a(arm-cache.32.o)
 .debug_line_str
                0x00000128       0x86 /opt/devkitpro/calico/lib/libcalico_ds9.a(bootstub_arm9.o)
 .debug_line_str
                0x00000128       0x89 /opt/devkitpro/calico/lib/libcalico_ds9.a(excpt_handler.32.o)
 .debug_line_str
                0x00000128       0x8b /opt/devkitpro/calico/lib/libcalico_ds9.a(utils.crt0.o)
 .debug_line_str
                0x00000128       0x82 /opt/devkitpro/calico/lib/libcalico_ds9.a(irq_handler.32.o)
 .debug_line_str
                0x00000128       0x87 /opt/devkitpro/calico/lib/libcalico_ds9.a(mpu_setup.crt0.o)
